Archive member included to satisfy reference by file (symbol)

c:/st/stm32cubeide_1.7.0/stm32cubeide/plugins/com.st.stm32cube.ide.mcu.externaltools.gnu-tools-for-stm32.9-2020-q2-update.win32_2.0.0.202105311346/tools/bin/../lib/gcc/arm-none-eabi/9.3.1/../../../../arm-none-eabi/lib/thumb/v7e-m+fp/hard\libc_nano.a(lib_a-errno.o)
                              ./Core/Src/syscalls.o (__errno)
c:/st/stm32cubeide_1.7.0/stm32cubeide/plugins/com.st.stm32cube.ide.mcu.externaltools.gnu-tools-for-stm32.9-2020-q2-update.win32_2.0.0.202105311346/tools/bin/../lib/gcc/arm-none-eabi/9.3.1/../../../../arm-none-eabi/lib/thumb/v7e-m+fp/hard\libc_nano.a(lib_a-exit.o)
                              c:/st/stm32cubeide_1.7.0/stm32cubeide/plugins/com.st.stm32cube.ide.mcu.externaltools.gnu-tools-for-stm32.9-2020-q2-update.win32_2.0.0.202105311346/tools/bin/../lib/gcc/arm-none-eabi/9.3.1/../../../../arm-none-eabi/lib/thumb/v7e-m+fp/hard/crt0.o (exit)
c:/st/stm32cubeide_1.7.0/stm32cubeide/plugins/com.st.stm32cube.ide.mcu.externaltools.gnu-tools-for-stm32.9-2020-q2-update.win32_2.0.0.202105311346/tools/bin/../lib/gcc/arm-none-eabi/9.3.1/../../../../arm-none-eabi/lib/thumb/v7e-m+fp/hard\libc_nano.a(lib_a-impure.o)
                              c:/st/stm32cubeide_1.7.0/stm32cubeide/plugins/com.st.stm32cube.ide.mcu.externaltools.gnu-tools-for-stm32.9-2020-q2-update.win32_2.0.0.202105311346/tools/bin/../lib/gcc/arm-none-eabi/9.3.1/../../../../arm-none-eabi/lib/thumb/v7e-m+fp/hard\libc_nano.a(lib_a-exit.o) (_global_impure_ptr)
c:/st/stm32cubeide_1.7.0/stm32cubeide/plugins/com.st.stm32cube.ide.mcu.externaltools.gnu-tools-for-stm32.9-2020-q2-update.win32_2.0.0.202105311346/tools/bin/../lib/gcc/arm-none-eabi/9.3.1/../../../../arm-none-eabi/lib/thumb/v7e-m+fp/hard\libc_nano.a(lib_a-init.o)
                              c:/st/stm32cubeide_1.7.0/stm32cubeide/plugins/com.st.stm32cube.ide.mcu.externaltools.gnu-tools-for-stm32.9-2020-q2-update.win32_2.0.0.202105311346/tools/bin/../lib/gcc/arm-none-eabi/9.3.1/../../../../arm-none-eabi/lib/thumb/v7e-m+fp/hard/crt0.o (__libc_init_array)
c:/st/stm32cubeide_1.7.0/stm32cubeide/plugins/com.st.stm32cube.ide.mcu.externaltools.gnu-tools-for-stm32.9-2020-q2-update.win32_2.0.0.202105311346/tools/bin/../lib/gcc/arm-none-eabi/9.3.1/../../../../arm-none-eabi/lib/thumb/v7e-m+fp/hard\libc_nano.a(lib_a-memset.o)
                              c:/st/stm32cubeide_1.7.0/stm32cubeide/plugins/com.st.stm32cube.ide.mcu.externaltools.gnu-tools-for-stm32.9-2020-q2-update.win32_2.0.0.202105311346/tools/bin/../lib/gcc/arm-none-eabi/9.3.1/../../../../arm-none-eabi/lib/thumb/v7e-m+fp/hard/crt0.o (memset)
c:/st/stm32cubeide_1.7.0/stm32cubeide/plugins/com.st.stm32cube.ide.mcu.externaltools.gnu-tools-for-stm32.9-2020-q2-update.win32_2.0.0.202105311346/tools/bin/../lib/gcc/arm-none-eabi/9.3.1/../../../../arm-none-eabi/lib/thumb/v7e-m+fp/hard\libc_nano.a(lib_a-nano-vfprintf_float.o)
                              (_printf_float)
c:/st/stm32cubeide_1.7.0/stm32cubeide/plugins/com.st.stm32cube.ide.mcu.externaltools.gnu-tools-for-stm32.9-2020-q2-update.win32_2.0.0.202105311346/tools/bin/../lib/gcc/arm-none-eabi/9.3.1/../../../../arm-none-eabi/lib/thumb/v7e-m+fp/hard\libc_nano.a(lib_a-nano-vfprintf_i.o)
                              c:/st/stm32cubeide_1.7.0/stm32cubeide/plugins/com.st.stm32cube.ide.mcu.externaltools.gnu-tools-for-stm32.9-2020-q2-update.win32_2.0.0.202105311346/tools/bin/../lib/gcc/arm-none-eabi/9.3.1/../../../../arm-none-eabi/lib/thumb/v7e-m+fp/hard\libc_nano.a(lib_a-nano-vfprintf_float.o) (_printf_common)
c:/st/stm32cubeide_1.7.0/stm32cubeide/plugins/com.st.stm32cube.ide.mcu.externaltools.gnu-tools-for-stm32.9-2020-q2-update.win32_2.0.0.202105311346/tools/bin/../lib/gcc/arm-none-eabi/9.3.1/../../../../arm-none-eabi/lib/thumb/v7e-m+fp/hard\libc_nano.a(lib_a-printf.o)
                              ./Core/Src/temperature_sensor.o (printf)
c:/st/stm32cubeide_1.7.0/stm32cubeide/plugins/com.st.stm32cube.ide.mcu.externaltools.gnu-tools-for-stm32.9-2020-q2-update.win32_2.0.0.202105311346/tools/bin/../lib/gcc/arm-none-eabi/9.3.1/../../../../arm-none-eabi/lib/thumb/v7e-m+fp/hard\libc_nano.a(lib_a-strlen.o)
                              c:/st/stm32cubeide_1.7.0/stm32cubeide/plugins/com.st.stm32cube.ide.mcu.externaltools.gnu-tools-for-stm32.9-2020-q2-update.win32_2.0.0.202105311346/tools/bin/../lib/gcc/arm-none-eabi/9.3.1/../../../../arm-none-eabi/lib/thumb/v7e-m+fp/hard\libc_nano.a(lib_a-nano-vfprintf_float.o) (strlen)
c:/st/stm32cubeide_1.7.0/stm32cubeide/plugins/com.st.stm32cube.ide.mcu.externaltools.gnu-tools-for-stm32.9-2020-q2-update.win32_2.0.0.202105311346/tools/bin/../lib/gcc/arm-none-eabi/9.3.1/../../../../arm-none-eabi/lib/thumb/v7e-m+fp/hard\libc_nano.a(lib_a-dtoa.o)
[...]
Memory Configuration

Name             Origin             Length             Attributes
RAM              0x0000000020000000 0x0000000000018000 xrw
RAM2             0x0000000010000000 0x0000000000008000 xrw
FLASH            0x0000000008000000 0x0000000000100000 xr
*default*        0x0000000000000000 0xffffffffffffffff

Linker script and memory map

LOAD c:/st/stm32cubeide_1.7.0/stm32cubeide/plugins/com.st.stm32cube.ide.mcu.externaltools.gnu-tools-for-stm32.9-2020-q2-update.win32_2.0.0.202105311346/tools/bin/../lib/gcc/arm-none-eabi/9.3.1/thumb/v7e-m+fp/hard/crti.o
LOAD c:/st/stm32cubeide_1.7.0/stm32cubeide/plugins/com.st.stm32cube.ide.mcu.externaltools.gnu-tools-for-stm32.9-2020-q2-update.win32_2.0.0.202105311346/tools/bin/../lib/gcc/arm-none-eabi/9.3.1/thumb/v7e-m+fp/hard/crtbegin.o
LOAD c:/st/stm32cubeide_1.7.0/stm32cubeide/plugins/com.st.stm32cube.ide.mcu.externaltools.gnu-tools-for-stm32.9-2020-q2-update.win32_2.0.0.202105311346/tools/bin/../lib/gcc/arm-none-eabi/9.3.1/../../../../arm-none-eabi/lib/thumb/v7e-m+fp/hard/crt0.o
LOAD ./Core/Src/adc.o
LOAD ./Core/Src/dma.o
LOAD ./Core/Src/ds18b20.o
LOAD ./Core/Src/gpio.o
LOAD ./Core/Src/ir.o
LOAD ./Core/Src/main.o
LOAD ./Core/Src/menu.o
LOAD ./Core/Src/one_wire.o
LOAD ./Core/Src/rtc.o
LOAD ./Core/Src/seven_segment_driver.o
LOAD ./Core/Src/stm32l4xx_hal_msp.o
LOAD ./Core/Src/stm32l4xx_it.o
LOAD ./Core/Src/syscalls.o
LOAD ./Core/Src/sysmem.o
LOAD ./Core/Src/system_stm32l4xx.o
LOAD ./Core/Src/temperature_sensor.o
LOAD ./Core/Src/tim.o
LOAD ./Core/Src/usart.o
LOAD ./Core/Src/ws2811.o
LOAD ./Core/Startup/startup_stm32l476rgtx.o
LOAD ./Drivers/STM32L4xx_HAL_Driver/Src/stm32l4xx_hal.o
LOAD ./Drivers/STM32L4xx_HAL_Driver/Src/stm32l4xx_hal_adc.o
LOAD ./Drivers/STM32L4xx_HAL_Driver/Src/stm32l4xx_hal_adc_ex.o
LOAD ./Drivers/STM32L4xx_HAL_Driver/Src/stm32l4xx_hal_cortex.o
LOAD ./Drivers/STM32L4xx_HAL_Driver/Src/stm32l4xx_hal_dma.o
LOAD ./Drivers/STM32L4xx_HAL_Driver/Src/stm32l4xx_hal_dma_ex.o
LOAD ./Drivers/STM32L4xx_HAL_Driver/Src/stm32l4xx_hal_exti.o
LOAD ./Drivers/STM32L4xx_HAL_Driver/Src/stm32l4xx_hal_flash.o
LOAD ./Drivers/STM32L4xx_HAL_Driver/Src/stm32l4xx_hal_flash_ex.o
LOAD ./Drivers/STM32L4xx_HAL_Driver/Src/stm32l4xx_hal_flash_ramfunc.o
LOAD ./Drivers/STM32L4xx_HAL_Driver/Src/stm32l4xx_hal_gpio.o
LOAD ./Drivers/STM32L4xx_HAL_Driver/Src/stm32l4xx_hal_i2c.o
LOAD ./Drivers/STM32L4xx_HAL_Driver/Src/stm32l4xx_hal_i2c_ex.o
LOAD ./Drivers/STM32L4xx_HAL_Driver/Src/stm32l4xx_hal_pwr.o
LOAD ./Drivers/STM32L4xx_HAL_Driver/Src/stm32l4xx_hal_pwr_ex.o
LOAD ./Drivers/STM32L4xx_HAL_Driver/Src/stm32l4xx_hal_rcc.o
LOAD ./Drivers/STM32L4xx_HAL_Driver/Src/stm32l4xx_hal_rcc_ex.o
LOAD ./Drivers/STM32L4xx_HAL_Driver/Src/stm32l4xx_hal_rtc.o
LOAD ./Drivers/STM32L4xx_HAL_Driver/Src/stm32l4xx_hal_rtc_ex.o
LOAD ./Drivers/STM32L4xx_HAL_Driver/Src/stm32l4xx_hal_tim.o
LOAD ./Drivers/STM32L4xx_HAL_Driver/Src/stm32l4xx_hal_tim_ex.o
LOAD ./Drivers/STM32L4xx_HAL_Driver/Src/stm32l4xx_hal_uart.o
LOAD ./Drivers/STM32L4xx_HAL_Driver/Src/stm32l4xx_hal_uart_ex.o
START GROUP
LOAD c:/st/stm32cubeide_1.7.0/stm32cubeide/plugins/com.st.stm32cube.ide.mcu.externaltools.gnu-tools-for-stm32.9-2020-q2-update.win32_2.0.0.202105311346/tools/bin/../lib/gcc/arm-none-eabi/9.3.1/../../../../arm-none-eabi/lib/thumb/v7e-m+fp/hard\libc_nano.a
LOAD c:/st/stm32cubeide_1.7.0/stm32cubeide/plugins/com.st.stm32cube.ide.mcu.externaltools.gnu-tools-for-stm32.9-2020-q2-update.win32_2.0.0.202105311346/tools/bin/../lib/gcc/arm-none-eabi/9.3.1/../../../../arm-none-eabi/lib/thumb/v7e-m+fp/hard\libm.a
END GROUP
START GROUP
LOAD c:/st/stm32cubeide_1.7.0/stm32cubeide/plugins/com.st.stm32cube.ide.mcu.externaltools.gnu-tools-for-stm32.9-2020-q2-update.win32_2.0.0.202105311346/tools/bin/../lib/gcc/arm-none-eabi/9.3.1/thumb/v7e-m+fp/hard\libgcc.a
LOAD c:/st/stm32cubeide_1.7.0/stm32cubeide/plugins/com.st.stm32cube.ide.mcu.externaltools.gnu-tools-for-stm32.9-2020-q2-update.win32_2.0.0.202105311346/tools/bin/../lib/gcc/arm-none-eabi/9.3.1/../../../../arm-none-eabi/lib/thumb/v7e-m+fp/hard\libc_nano.a
END GROUP
START GROUP
LOAD c:/st/stm32cubeide_1.7.0/stm32cubeide/plugins/com.st.stm32cube.ide.mcu.externaltools.gnu-tools-for-stm32.9-2020-q2-update.win32_2.0.0.202105311346/tools/bin/../lib/gcc/arm-none-eabi/9.3.1/thumb/v7e-m+fp/hard\libgcc.a
LOAD c:/st/stm32cubeide_1.7.0/stm32cubeide/plugins/com.st.stm32cube.ide.mcu.externaltools.gnu-tools-for-stm32.9-2020-q2-update.win32_2.0.0.202105311346/tools/bin/../lib/gcc/arm-none-eabi/9.3.1/../../../../arm-none-eabi/lib/thumb/v7e-m+fp/hard\libc_nano.a
LOAD c:/st/stm32cubeide_1.7.0/stm32cubeide/plugins/com.st.stm32cube.ide.mcu.externaltools.gnu-tools-for-stm32.9-2020-q2-update.win32_2.0.0.202105311346/tools/bin/../lib/gcc/arm-none-eabi/9.3.1/../../../../arm-none-eabi/lib/thumb/v7e-m+fp/hard\libnosys.a
END GROUP
START GROUP
LOAD c:/st/stm32cubeide_1.7.0/stm32cubeide/plugins/com.st.stm32cube.ide.mcu.externaltools.gnu-tools-for-stm32.9-2020-q2-update.win32_2.0.0.202105311346/tools/bin/../lib/gcc/arm-none-eabi/9.3.1/thumb/v7e-m+fp/hard\libgcc.a
LOAD c:/st/stm32cubeide_1.7.0/stm32cubeide/plugins/com.st.stm32cube.ide.mcu.externaltools.gnu-tools-for-stm32.9-2020-q2-update.win32_2.0.0.202105311346/tools/bin/../lib/gcc/arm-none-eabi/9.3.1/../../../../arm-none-eabi/lib/thumb/v7e-m+fp/hard\libc_nano.a
LOAD c:/st/stm32cubeide_1.7.0/stm32cubeide/plugins/com.st.stm32cube.ide.mcu.externaltools.gnu-tools-for-stm32.9-2020-q2-update.win32_2.0.0.202105311346/tools/bin/../lib/gcc/arm-none-eabi/9.3.1/../../../../arm-none-eabi/lib/thumb/v7e-m+fp/hard\libnosys.a
END GROUP
LOAD c:/st/stm32cubeide_1.7.0/stm32cubeide/plugins/com.st.stm32cube.ide.mcu.externaltools.gnu-tools-for-stm32.9-2020-q2-update.win32_2.0.0.202105311346/tools/bin/../lib/gcc/arm-none-eabi/9.3.1/thumb/v7e-m+fp/hard/crtend.o
LOAD c:/st/stm32cubeide_1.7.0/stm32cubeide/plugins/com.st.stm32cube.ide.mcu.externaltools.gnu-tools-for-stm32.9-2020-q2-update.win32_2.0.0.202105311346/tools/bin/../lib/gcc/arm-none-eabi/9.3.1/thumb/v7e-m+fp/hard/crtn.o
                0x0000000020018000                _estack = (ORIGIN (RAM) + LENGTH (RAM))
                0x0000000000000200                _Min_Heap_Size = 0x200
                0x0000000000000400                _Min_Stack_Size = 0x400

.isr_vector     0x0000000008000000      0x188
                0x0000000008000000                . = ALIGN (0x4)
 *(.isr_vector)
 .isr_vector    0x0000000008000000      0x188 ./Core/Startup/startup_stm32l476rgtx.o
                0x0000000008000000                g_pfnVectors
                0x0000000008000188                . = ALIGN (0x4)

.text           0x0000000008000190     0xd0c4
                0x0000000008000190                . = ALIGN (0x4)
 *(.text)
 .text          0x0000000008000190       0x40 c:/st/stm32cubeide_1.7.0/stm32cubeide/plugins/com.st.stm32cube.ide.mcu.externaltools.gnu-tools-for-stm32.9-2020-q2-update.win32_2.0.0.202105311346/tools/bin/../lib/gcc/arm-none-eabi/9.3.1/thumb/v7e-m+fp/hard/crtbegin.o
 .text          0x00000000080001d0       0x10 c:/st/stm32cubeide_1.7.0/stm32cubeide/plugins/com.st.stm32cube.ide.mcu.externaltools.gnu-tools-for-stm32.9-2020-q2-update.win32_2.0.0.202105311346/tools/bin/../lib/gcc/arm-none-eabi/9.3.1/../../../../arm-none-eabi/lib/thumb/v7e-m+fp/hard\libc_nano.a(lib_a-strlen.o)
                0x00000000080001d0                strlen
 .text          0x00000000080001e0       0xa0 c:/st/stm32cubeide_1.7.0/stm32cubeide/plugins/com.st.stm32cube.ide.mcu.externaltools.gnu-tools-for-stm32.9-2020-q2-update.win32_2.0.0.202105311346/tools/bin/../lib/gcc/arm-none-eabi/9.3.1/../../../../arm-none-eabi/lib/thumb/v7e-m+fp/hard\libc_nano.a(lib_a-memchr.o)
                0x00000000080001e0                memchr
 .text          0x0000000008000280      0x378 c:/st/stm32cubeide_1.7.0/stm32cubeide/plugins/com.st.stm32cube.ide.mcu.externaltools.gnu-tools-for-stm32.9-2020-q2-update.win32_2.0.0.202105311346/tools/bin/../lib/gcc/arm-none-eabi/9.3.1/thumb/v7e-m+fp/hard\libgcc.a(_arm_addsubdf3.o)
                0x0000000008000280                __aeabi_drsub
                0x0000000008000288                __aeabi_dsub
                0x0000000008000288                __subdf3
                0x000000000800028c                __aeabi_dadd
                0x000000000800028c                __adddf3
                0x0000000008000504                __floatunsidf
                0x0000000008000504                __aeabi_ui2d
                0x0000000008000524                __floatsidf
                0x0000000008000524                __aeabi_i2d
                0x0000000008000548                __aeabi_f2d
                0x0000000008000548                __extendsfdf2
                0x000000000800058c                __floatundidf
                0x000000000800058c                __aeabi_ul2d
                0x000000000800059c                __floatdidf
                0x000000000800059c                __aeabi_l2d
 .text          0x00000000080005f8      0x424 c:/st/stm32cubeide_1.7.0/stm32cubeide/plugins/com.st.stm32cube.ide.mcu.externaltools.gnu-tools-for-stm32.9-2020-q2-update.win32_2.0.0.202105311346/tools/bin/../lib/gcc/arm-none-eabi/9.3.1/thumb/v7e-m+fp/hard\libgcc.a(_arm_muldivdf3.o)
                0x00000000080005f8                __aeabi_dmul
                0x00000000080005f8                __muldf3
                0x000000000800084c                __divdf3
                0x000000000800084c                __aeabi_ddiv
 .text          0x0000000008000a1c      0x110 c:/st/stm32cubeide_1.7.0/stm32cubeide/plugins/com.st.stm32cube.ide.mcu.externaltools.gnu-tools-for-stm32.9-2020-q2-update.win32_2.0.0.202105311346/tools/bin/../lib/gcc/arm-none-eabi/9.3.1/thumb/v7e-m+fp/hard\libgcc.a(_arm_cmpdf2.o)
                0x0000000008000a1c                __gtdf2
                0x0000000008000a1c                __gedf2
                0x0000000008000a24                __ltdf2
                0x0000000008000a24                __ledf2
                0x0000000008000a2c                __nedf2
                0x0000000008000a2c                __eqdf2
                0x0000000008000a2c                __cmpdf2
                0x0000000008000aa8                __aeabi_cdrcmple
                0x0000000008000ab8                __aeabi_cdcmpeq
                0x0000000008000ab8                __aeabi_cdcmple
                0x0000000008000ac8                __aeabi_dcmpeq
                0x0000000008000adc                __aeabi_dcmplt
                0x0000000008000af0                __aeabi_dcmple
                0x0000000008000b04                __aeabi_dcmpge
                0x0000000008000b18                __aeabi_dcmpgt
 .text          0x0000000008000b2c       0x2c c:/st/stm32cubeide_1.7.0/stm32cubeide/plugins/com.st.stm32cube.ide.mcu.externaltools.gnu-tools-for-stm32.9-2020-q2-update.win32_2.0.0.202105311346/tools/bin/../lib/gcc/arm-none-eabi/9.3.1/thumb/v7e-m+fp/hard\libgcc.a(_arm_unorddf2.o)
                0x0000000008000b2c                __unorddf2
                0x0000000008000b2c                __aeabi_dcmpun
 .text          0x0000000008000b58       0x50 c:/st/stm32cubeide_1.7.0/stm32cubeide/plugins/com.st.stm32cube.ide.mcu.externaltools.gnu-tools-for-stm32.9-2020-q2-update.win32_2.0.0.202105311346/tools/bin/../lib/gcc/arm-none-eabi/9.3.1/thumb/v7e-m+fp/hard\libgcc.a(_arm_fixdfsi.o)
                0x0000000008000b58                __aeabi_d2iz
                0x0000000008000b58                __fixdfsi
 .text          0x0000000008000ba8       0x30 c:/st/stm32cubeide_1.7.0/stm32cubeide/plugins/com.st.stm32cube.ide.mcu.externaltools.gnu-tools-for-stm32.9-2020-q2-update.win32_2.0.0.202105311346/tools/bin/../lib/gcc/arm-none-eabi/9.3.1/thumb/v7e-m+fp/hard\libgcc.a(_aeabi_uldivmod.o)
                0x0000000008000ba8                __aeabi_uldivmod
 .text          0x0000000008000bd8      0x2c4 c:/st/stm32cubeide_1.7.0/stm32cubeide/plugins/com.st.stm32cube.ide.mcu.externaltools.gnu-tools-for-stm32.9-2020-q2-update.win32_2.0.0.202105311346/tools/bin/../lib/gcc/arm-none-eabi/9.3.1/thumb/v7e-m+fp/hard\libgcc.a(_udivmoddi4.o)
                0x0000000008000bd8                __udivmoddi4
 .text          0x0000000008000e9c        0x4 c:/st/stm32cubeide_1.7.0/stm32cubeide/plugins/com.st.stm32cube.ide.mcu.externaltools.gnu-tools-for-stm32.9-2020-q2-update.win32_2.0.0.202105311346/tools/bin/../lib/gcc/arm-none-eabi/9.3.1/thumb/v7e-m+fp/hard\libgcc.a(_dvmd_tls.o)
                0x0000000008000e9c                __aeabi_idiv0
                0x0000000008000e9c                __aeabi_ldiv0
 *(.text*)
 .text.MX_ADC1_Init
                0x0000000008000ea0      0x104 ./Core/Src/adc.o
                0x0000000008000ea0                MX_ADC1_Init
 .text.HAL_ADC_MspInit
                0x0000000008000fa4       0xd4 ./Core/Src/adc.o
                0x0000000008000fa4                HAL_ADC_MspInit
 .text.MX_DMA_Init
                0x0000000008001078       0x3c ./Core/Src/dma.o
                0x0000000008001078                MX_DMA_Init
 .text.send_cmd
                0x00000000080010b4       0x60 ./Core/Src/ds18b20.o
 .text.ds18b20_read_scratchpad
                0x0000000008001114       0x62 ./Core/Src/ds18b20.o
 .text.ds18b20_read_address
                0x0000000008001176       0x62 ./Core/Src/ds18b20.o
                0x0000000008001176                ds18b20_read_address
 .text.ds18b20_start_measure
                0x00000000080011d8       0x1a ./Core/Src/ds18b20.o
                0x00000000080011d8                ds18b20_start_measure
 *fill*         0x00000000080011f2        0x2 
 .text.ds18b20_get_temp
                0x00000000080011f4       0x4c ./Core/Src/ds18b20.o
                0x00000000080011f4                ds18b20_get_temp
 .text.MX_GPIO_Init
                0x0000000008001240       0x60 ./Core/Src/gpio.o
                0x0000000008001240                MX_GPIO_Init
 .text.calc_pulse
                0x00000000080012a0       0x62 ./Core/Src/ir.o
 *fill*         0x0000000008001302        0x2 
 .text.ir_tim_interrupt
                0x0000000008001304       0x90 ./Core/Src/ir.o
                0x0000000008001304                ir_tim_interrupt
 .text.ir_init  0x0000000008001394       0x1c ./Core/Src/ir.o
                0x0000000008001394                ir_init
 .text.ir_read  0x00000000080013b0       0x38 ./Core/Src/ir.o
                0x00000000080013b0                ir_read
 .text.normalWorkStart
                0x00000000080013e8       0xac ./Core/Src/main.o
                0x00000000080013e8                normalWorkStart
 .text.HAL_RTC_AlarmAEventCallback
                0x0000000008001494       0x14 ./Core/Src/main.o
                0x0000000008001494                HAL_RTC_AlarmAEventCallback
 .text.HAL_TIM_IC_CaptureCallback
                0x00000000080014a8       0x34 ./Core/Src/main.o
                0x00000000080014a8                HAL_TIM_IC_CaptureCallback
 .text.HAL_TIM_PeriodElapsedCallback
                0x00000000080014dc      0x1fc ./Core/Src/main.o
                0x00000000080014dc                HAL_TIM_PeriodElapsedCallback
 .text.main     0x00000000080016d8       0xa8 ./Core/Src/main.o
                0x00000000080016d8                main
 .text.SystemClock_Config
                0x0000000008001780       0xc4 ./Core/Src/main.o
                0x0000000008001780                SystemClock_Config
 .text.MX_NVIC_Init
                0x0000000008001844       0x38 ./Core/Src/main.o
 .text.Error_Handler
                0x000000000800187c        0xa ./Core/Src/main.o
                0x000000000800187c                Error_Handler
 *fill*         0x0000000008001886        0x2 
 .text.TurnOnMenuMode
                0x0000000008001888       0x18 ./Core/Src/menu.o
                0x0000000008001888                TurnOnMenuMode
 .text.isInRangeHours
                0x00000000080018a0       0x22 ./Core/Src/menu.o
                0x00000000080018a0                isInRangeHours
 .text.isInRangeMinute
                0x00000000080018c2       0x22 ./Core/Src/menu.o
                0x00000000080018c2                isInRangeMinute
 .text.isInRangeMonth
                0x00000000080018e4       0x22 ./Core/Src/menu.o
                0x00000000080018e4                isInRangeMonth
 .text.isInRangeDay
                0x0000000008001906       0x22 ./Core/Src/menu.o
                0x0000000008001906                isInRangeDay
 .text.isInRangeYear
                0x0000000008001928       0x22 ./Core/Src/menu.o
                0x0000000008001928                isInRangeYear
 *fill*         0x000000000800194a        0x2 
 .text.colorMenu
                0x000000000800194c       0x28 ./Core/Src/menu.o
                0x000000000800194c                colorMenu
 .text.firstDigitHour
                0x0000000008001974       0x34 ./Core/Src/menu.o
                0x0000000008001974                firstDigitHour
 .text.secondDigitHour
                0x00000000080019a8       0x58 ./Core/Src/menu.o
                0x00000000080019a8                secondDigitHour
 .text.firstDigitMinute
                0x0000000008001a00       0x34 ./Core/Src/menu.o
                0x0000000008001a00                firstDigitMinute
 .text.secondDigitMinute
                0x0000000008001a34       0x58 ./Core/Src/menu.o
                0x0000000008001a34                secondDigitMinute
 .text.firstDigitMonth
                0x0000000008001a8c       0x34 ./Core/Src/menu.o
                0x0000000008001a8c                firstDigitMonth
 .text.secondDigitMonth
                0x0000000008001ac0       0x58 ./Core/Src/menu.o
                0x0000000008001ac0                secondDigitMonth
 .text.firstDigitDay
                0x0000000008001b18       0x34 ./Core/Src/menu.o
                0x0000000008001b18                firstDigitDay
 .text.secondDigitDay
                0x0000000008001b4c       0x58 ./Core/Src/menu.o
                0x0000000008001b4c                secondDigitDay
 .text.firstDigitYear
                0x0000000008001ba4       0x34 ./Core/Src/menu.o
                0x0000000008001ba4                firstDigitYear
 .text.secondDigitYear
                0x0000000008001bd8       0x58 ./Core/Src/menu.o
                0x0000000008001bd8                secondDigitYear
 .text.menu     0x0000000008001c30      0x66c ./Core/Src/menu.o
                0x0000000008001c30                menu
 .text.set_baudrate
                0x000000000800229c       0x6c ./Core/Src/one_wire.o
 .text.write_bit
                0x0000000008002308       0x44 ./Core/Src/one_wire.o
 .text.read_bit
                0x000000000800234c       0x3c ./Core/Src/one_wire.o
 .text.byte_crc
                0x0000000008002388       0x58 ./Core/Src/one_wire.o
 .text.wire_reset
                0x00000000080023e0       0x54 ./Core/Src/one_wire.o
                0x00000000080023e0                wire_reset
 .text.wire_write
                0x0000000008002434       0x38 ./Core/Src/one_wire.o
                0x0000000008002434                wire_write
 .text.wire_read
                0x000000000800246c       0x3e ./Core/Src/one_wire.o
                0x000000000800246c                wire_read
 .text.wire_crc
                0x00000000080024aa       0x42 ./Core/Src/one_wire.o
                0x00000000080024aa                wire_crc
 .text.MX_RTC_Init
                0x00000000080024ec      0x230 ./Core/Src/rtc.o
                0x00000000080024ec                MX_RTC_Init
 .text.HAL_RTC_MspInit
                0x000000000800271c       0x64 ./Core/Src/rtc.o
                0x000000000800271c                HAL_RTC_MspInit
 .text.TurnOnStanbyMode
                0x0000000008002780      0x1b8 ./Core/Src/rtc.o
                0x0000000008002780                TurnOnStanbyMode
 .text.changeColor
                0x0000000008002938       0x54 ./Core/Src/seven_segment_driver.o
                0x0000000008002938                changeColor
 .text.mixColor
                0x000000000800298c       0x34 ./Core/Src/seven_segment_driver.o
                0x000000000800298c                mixColor
 .text.backToColorinMemory
                0x00000000080029c0       0x78 ./Core/Src/seven_segment_driver.o
                0x00000000080029c0                backToColorinMemory
 .text.numberToMatrix
                0x0000000008002a38       0x9c ./Core/Src/seven_segment_driver.o
                0x0000000008002a38                numberToMatrix
 .text.destroy  0x0000000008002ad4       0x54 ./Core/Src/seven_segment_driver.o
                0x0000000008002ad4                destroy
 .text.destoryCelcius
                0x0000000008002b28       0xe0 ./Core/Src/seven_segment_driver.o
                0x0000000008002b28                destoryCelcius
 .text.firstSegment
                0x0000000008002c08       0x64 ./Core/Src/seven_segment_driver.o
                0x0000000008002c08                firstSegment
 .text.secondSegment
                0x0000000008002c6c       0x64 ./Core/Src/seven_segment_driver.o
                0x0000000008002c6c                secondSegment
 .text.thirdSegment
                0x0000000008002cd0       0x64 ./Core/Src/seven_segment_driver.o
                0x0000000008002cd0                thirdSegment
 .text.fourthSegment
                0x0000000008002d34       0x64 ./Core/Src/seven_segment_driver.o
                0x0000000008002d34                fourthSegment
 .text.dwukropekTurnOn
                0x0000000008002d98       0x40 ./Core/Src/seven_segment_driver.o
                0x0000000008002d98                dwukropekTurnOn
 .text.dwukropekTurnOff
                0x0000000008002dd8       0x30 ./Core/Src/seven_segment_driver.o
                0x0000000008002dd8                dwukropekTurnOff
 .text.dotOn    0x0000000008002e08       0x30 ./Core/Src/seven_segment_driver.o
                0x0000000008002e08                dotOn
 .text.dotOff   0x0000000008002e38       0x24 ./Core/Src/seven_segment_driver.o
                0x0000000008002e38                dotOff
 .text.celsiusMark
                0x0000000008002e5c       0x3c ./Core/Src/seven_segment_driver.o
                0x0000000008002e5c                celsiusMark
 .text.dwukropekStart
                0x0000000008002e98       0x20 ./Core/Src/seven_segment_driver.o
                0x0000000008002e98                dwukropekStart
 .text.putMinutes
                0x0000000008002eb8       0x70 ./Core/Src/seven_segment_driver.o
                0x0000000008002eb8                putMinutes
 .text.putHours
                0x0000000008002f28       0x88 ./Core/Src/seven_segment_driver.o
                0x0000000008002f28                putHours
 .text.putMonth
                0x0000000008002fb0       0x1a ./Core/Src/seven_segment_driver.o
                0x0000000008002fb0                putMonth
 .text.putDay   0x0000000008002fca       0x1c ./Core/Src/seven_segment_driver.o
                0x0000000008002fca                putDay
 *fill*         0x0000000008002fe6        0x2 
 .text.putYear  0x0000000008002fe8       0x34 ./Core/Src/seven_segment_driver.o
                0x0000000008002fe8                putYear
 .text.setMinutes
                0x000000000800301c       0x5c ./Core/Src/seven_segment_driver.o
                0x000000000800301c                setMinutes
 .text.setHours
                0x0000000008003078       0x64 ./Core/Src/seven_segment_driver.o
                0x0000000008003078                setHours
 .text.setMonth
                0x00000000080030dc       0x6c ./Core/Src/seven_segment_driver.o
                0x00000000080030dc                setMonth
 .text.setDay   0x0000000008003148       0x64 ./Core/Src/seven_segment_driver.o
                0x0000000008003148                setDay
 .text.setYear  0x00000000080031ac       0x6c ./Core/Src/seven_segment_driver.o
                0x00000000080031ac                setYear
 .text.normalDisplayStart
                0x0000000008003218       0x60 ./Core/Src/seven_segment_driver.o
                0x0000000008003218                normalDisplayStart
 .text.menuDisplayStart
                0x0000000008003278       0x60 ./Core/Src/seven_segment_driver.o
                0x0000000008003278                menuDisplayStart
 .text.dateOnDisplay
                0x00000000080032d8       0x5c ./Core/Src/seven_segment_driver.o
                0x00000000080032d8                dateOnDisplay
 .text.yearOnDisplay
                0x0000000008003334       0x50 ./Core/Src/seven_segment_driver.o
                0x0000000008003334                yearOnDisplay
 .text.temperatureOnDisplay
                0x0000000008003384       0x70 ./Core/Src/seven_segment_driver.o
                0x0000000008003384                temperatureOnDisplay
 .text.displayStop
                0x00000000080033f4       0x18 ./Core/Src/seven_segment_driver.o
                0x00000000080033f4                displayStop
 .text.testSegments
                0x000000000800340c       0x28 ./Core/Src/seven_segment_driver.o
                0x000000000800340c                testSegments
 .text.sleepTimeSetDisplay
                0x0000000008003434       0x30 ./Core/Src/seven_segment_driver.o
                0x0000000008003434                sleepTimeSetDisplay
 .text.alarmTimeSetDisplay
                0x0000000008003464       0x30 ./Core/Src/seven_segment_driver.o
                0x0000000008003464                alarmTimeSetDisplay
 .text.HAL_MspInit
                0x0000000008003494       0x48 ./Core/Src/stm32l4xx_hal_msp.o
                0x0000000008003494                HAL_MspInit
 .text.NMI_Handler
                0x00000000080034dc        0x6 ./Core/Src/stm32l4xx_it.o
                0x00000000080034dc                NMI_Handler
 .text.HardFault_Handler
                0x00000000080034e2        0x6 ./Core/Src/stm32l4xx_it.o
                0x00000000080034e2                HardFault_Handler
 .text.MemManage_Handler
                0x00000000080034e8        0x6 ./Core/Src/stm32l4xx_it.o
                0x00000000080034e8                MemManage_Handler
 .text.BusFault_Handler
                0x00000000080034ee        0x6 ./Core/Src/stm32l4xx_it.o
                0x00000000080034ee                BusFault_Handler
 .text.UsageFault_Handler
                0x00000000080034f4        0x6 ./Core/Src/stm32l4xx_it.o
                0x00000000080034f4                UsageFault_Handler
 .text.SVC_Handler
                0x00000000080034fa        0xe ./Core/Src/stm32l4xx_it.o
                0x00000000080034fa                SVC_Handler
 .text.DebugMon_Handler
                0x0000000008003508        0xe ./Core/Src/stm32l4xx_it.o
                0x0000000008003508                DebugMon_Handler
 .text.PendSV_Handler
                0x0000000008003516        0xe ./Core/Src/stm32l4xx_it.o
                0x0000000008003516                PendSV_Handler
 .text.SysTick_Handler
                0x0000000008003524        0xc ./Core/Src/stm32l4xx_it.o
                0x0000000008003524                SysTick_Handler
 .text.DMA1_Channel1_IRQHandler
                0x0000000008003530       0x14 ./Core/Src/stm32l4xx_it.o
                0x0000000008003530                DMA1_Channel1_IRQHandler
 .text.TIM2_IRQHandler
                0x0000000008003544       0x14 ./Core/Src/stm32l4xx_it.o
                0x0000000008003544                TIM2_IRQHandler
 .text.RTC_Alarm_IRQHandler
                0x0000000008003558       0x14 ./Core/Src/stm32l4xx_it.o
                0x0000000008003558                RTC_Alarm_IRQHandler
 .text.TIM6_DAC_IRQHandler
                0x000000000800356c       0x14 ./Core/Src/stm32l4xx_it.o
                0x000000000800356c                TIM6_DAC_IRQHandler
 .text._getpid  0x0000000008003580       0x10 ./Core/Src/syscalls.o
                0x0000000008003580                _getpid
 .text._kill    0x0000000008003590       0x20 ./Core/Src/syscalls.o
                0x0000000008003590                _kill
 .text._exit    0x00000000080035b0       0x14 ./Core/Src/syscalls.o
                0x00000000080035b0                _exit
 .text._read    0x00000000080035c4       0x3a ./Core/Src/syscalls.o
                0x00000000080035c4                _read
 .text._write   0x00000000080035fe       0x38 ./Core/Src/syscalls.o
                0x00000000080035fe                _write
 .text._close   0x0000000008003636       0x18 ./Core/Src/syscalls.o
                0x0000000008003636                _close
 .text._fstat   0x000000000800364e       0x20 ./Core/Src/syscalls.o
                0x000000000800364e                _fstat
 .text._isatty  0x000000000800366e       0x16 ./Core/Src/syscalls.o
                0x000000000800366e                _isatty
 .text._lseek   0x0000000008003684       0x1a ./Core/Src/syscalls.o
                0x0000000008003684                _lseek
 *fill*         0x000000000800369e        0x2 
 .text._sbrk    0x00000000080036a0       0x6c ./Core/Src/sysmem.o
                0x00000000080036a0                _sbrk
 .text.SystemInit
                0x000000000800370c       0x64 ./Core/Src/system_stm32l4xx.o
                0x000000000800370c                SystemInit
 .text.MX_TIM2_Init
                0x0000000008003770      0x118 ./Core/Src/tim.o
                0x0000000008003770                MX_TIM2_Init
 .text.MX_TIM4_Init
                0x0000000008003888       0xec ./Core/Src/tim.o
                0x0000000008003888                MX_TIM4_Init
 .text.MX_TIM6_Init
                0x0000000008003974       0x70 ./Core/Src/tim.o
                0x0000000008003974                MX_TIM6_Init
 .text.HAL_TIM_Base_MspInit
                0x00000000080039e4      0x12c ./Core/Src/tim.o
                0x00000000080039e4                HAL_TIM_Base_MspInit
 .text.HAL_TIM_MspPostInit
                0x0000000008003b10       0x70 ./Core/Src/tim.o
                0x0000000008003b10                HAL_TIM_MspPostInit
 .text.MX_USART3_UART_Init
                0x0000000008003b80       0x68 ./Core/Src/usart.o
                0x0000000008003b80                MX_USART3_UART_Init
 .text.HAL_UART_MspInit
                0x0000000008003be8       0xe4 ./Core/Src/usart.o
                0x0000000008003be8                HAL_UART_MspInit
 .text.set_byte
                0x0000000008003ccc       0x58 ./Core/Src/ws2811.o
 .text.ws2811_init
                0x0000000008003d24       0x64 ./Core/Src/ws2811.o
                0x0000000008003d24                ws2811_init
 .text.ws2811_firstAndSecondSegmentsDisplayReset
                0x0000000008003d88       0x58 ./Core/Src/ws2811.o
                0x0000000008003d88                ws2811_firstAndSecondSegmentsDisplayReset
 .text.ws2811_ThirdAndFourthSegmentsDisplayReset
                0x0000000008003de0       0x5c ./Core/Src/ws2811.o
                0x0000000008003de0                ws2811_ThirdAndFourthSegmentsDisplayReset
 .text.ws2811_fullDisplayReset
                0x0000000008003e3c       0x58 ./Core/Src/ws2811.o
                0x0000000008003e3c                ws2811_fullDisplayReset
 .text.ws2811_update
                0x0000000008003e94       0x20 ./Core/Src/ws2811.o
                0x0000000008003e94                ws2811_update
 .text.ws2811_wait
                0x0000000008003eb4       0x20 ./Core/Src/ws2811.o
                0x0000000008003eb4                ws2811_wait
 .text.ws2811_set_color
                0x0000000008003ed4       0x6a ./Core/Src/ws2811.o
                0x0000000008003ed4                ws2811_set_color
 *fill*         0x0000000008003f3e        0x2 
 .text.Reset_Handler
                0x0000000008003f40       0x50 ./Core/Startup/startup_stm32l476rgtx.o
                0x0000000008003f40                Reset_Handler
 .text.Default_Handler
                0x0000000008003f90        0x2 ./Core/Startup/startup_stm32l476rgtx.o
                0x0000000008003f90                EXTI2_IRQHandler
                0x0000000008003f90                TIM8_TRG_COM_IRQHandler
                0x0000000008003f90                TIM8_CC_IRQHandler
                0x0000000008003f90                TIM1_CC_IRQHandler
                0x0000000008003f90                TSC_IRQHandler
                0x0000000008003f90                TAMP_STAMP_IRQHandler
                0x0000000008003f90                EXTI3_IRQHandler
                0x0000000008003f90                LPTIM2_IRQHandler
                0x0000000008003f90                DFSDM1_FLT1_IRQHandler
                0x0000000008003f90                I2C3_ER_IRQHandler
                0x0000000008003f90                DFSDM1_FLT2_IRQHandler
                0x0000000008003f90                EXTI0_IRQHandler
                0x0000000008003f90                I2C2_EV_IRQHandler
                0x0000000008003f90                CAN1_RX0_IRQHandler
                0x0000000008003f90                FPU_IRQHandler
                0x0000000008003f90                TIM1_UP_TIM16_IRQHandler
                0x0000000008003f90                ADC1_2_IRQHandler
                0x0000000008003f90                SPI1_IRQHandler
                0x0000000008003f90                TIM8_UP_IRQHandler
                0x0000000008003f90                DMA2_Channel2_IRQHandler
                0x0000000008003f90                DMA1_Channel4_IRQHandler
                0x0000000008003f90                SAI2_IRQHandler
                0x0000000008003f90                DFSDM1_FLT3_IRQHandler
                0x0000000008003f90                USART3_IRQHandler
                0x0000000008003f90                DMA1_Channel7_IRQHandler
                0x0000000008003f90                CAN1_RX1_IRQHandler
                0x0000000008003f90                LCD_IRQHandler
                0x0000000008003f90                UART5_IRQHandler
                0x0000000008003f90                ADC3_IRQHandler
                0x0000000008003f90                TIM4_IRQHandler
                0x0000000008003f90                DMA2_Channel1_IRQHandler
                0x0000000008003f90                QUADSPI_IRQHandler
                0x0000000008003f90                I2C1_EV_IRQHandler
                0x0000000008003f90                DMA1_Channel6_IRQHandler
                0x0000000008003f90                UART4_IRQHandler
                0x0000000008003f90                DMA2_Channel4_IRQHandler
                0x0000000008003f90                TIM3_IRQHandler
                0x0000000008003f90                RCC_IRQHandler
                0x0000000008003f90                Default_Handler
                0x0000000008003f90                DMA2_Channel7_IRQHandler
                0x0000000008003f90                EXTI15_10_IRQHandler
                0x0000000008003f90                TIM7_IRQHandler
                0x0000000008003f90                SDMMC1_IRQHandler
                0x0000000008003f90                TIM5_IRQHandler
                0x0000000008003f90                I2C3_EV_IRQHandler
                0x0000000008003f90                EXTI9_5_IRQHandler
                0x0000000008003f90                RTC_WKUP_IRQHandler
                0x0000000008003f90                PVD_PVM_IRQHandler
                0x0000000008003f90                SPI2_IRQHandler
                0x0000000008003f90                CAN1_TX_IRQHandler
                0x0000000008003f90                DMA2_Channel5_IRQHandler
                0x0000000008003f90                DMA1_Channel5_IRQHandler
                0x0000000008003f90                EXTI4_IRQHandler
                0x0000000008003f90                RNG_IRQHandler
                0x0000000008003f90                TIM1_TRG_COM_TIM17_IRQHandler
                0x0000000008003f90                DMA1_Channel3_IRQHandler
                0x0000000008003f90                COMP_IRQHandler
                0x0000000008003f90                WWDG_IRQHandler
                0x0000000008003f90                LPUART1_IRQHandler
                0x0000000008003f90                DMA2_Channel6_IRQHandler
                0x0000000008003f90                EXTI1_IRQHandler
                0x0000000008003f90                USART2_IRQHandler
                0x0000000008003f90                DFSDM1_FLT0_IRQHandler
                0x0000000008003f90                I2C2_ER_IRQHandler
                0x0000000008003f90                DMA1_Channel2_IRQHandler
                0x0000000008003f90                TIM8_BRK_IRQHandler
                0x0000000008003f90                CAN1_SCE_IRQHandler
                0x0000000008003f90                FLASH_IRQHandler
                0x0000000008003f90                USART1_IRQHandler
                0x0000000008003f90                OTG_FS_IRQHandler
                0x0000000008003f90                SPI3_IRQHandler
                0x0000000008003f90                I2C1_ER_IRQHandler
                0x0000000008003f90                FMC_IRQHandler
                0x0000000008003f90                SWPMI1_IRQHandler
                0x0000000008003f90                LPTIM1_IRQHandler
                0x0000000008003f90                SAI1_IRQHandler
                0x0000000008003f90                DMA2_Channel3_IRQHandler
                0x0000000008003f90                TIM1_BRK_TIM15_IRQHandler
 .text.HAL_Init
                0x0000000008003f92       0x30 ./Drivers/STM32L4xx_HAL_Driver/Src/stm32l4xx_hal.o
                0x0000000008003f92                HAL_Init
 *fill*         0x0000000008003fc2        0x2 
 .text.HAL_InitTick
                0x0000000008003fc4       0x78 ./Drivers/STM32L4xx_HAL_Driver/Src/stm32l4xx_hal.o
                0x0000000008003fc4                HAL_InitTick
 .text.HAL_IncTick
                0x000000000800403c       0x28 ./Drivers/STM32L4xx_HAL_Driver/Src/stm32l4xx_hal.o
                0x000000000800403c                HAL_IncTick
 .text.HAL_GetTick
                0x0000000008004064       0x18 ./Drivers/STM32L4xx_HAL_Driver/Src/stm32l4xx_hal.o
                0x0000000008004064                HAL_GetTick
 .text.HAL_Delay
                0x000000000800407c       0x48 ./Drivers/STM32L4xx_HAL_Driver/Src/stm32l4xx_hal.o
                0x000000000800407c                HAL_Delay
 .text.LL_ADC_SetCommonClock
                0x00000000080040c4       0x26 ./Drivers/STM32L4xx_HAL_Driver/Src/stm32l4xx_hal_adc.o
 .text.LL_ADC_SetCommonPathInternalCh
                0x00000000080040ea       0x26 ./Drivers/STM32L4xx_HAL_Driver/Src/stm32l4xx_hal_adc.o
 .text.LL_ADC_GetCommonPathInternalCh
                0x0000000008004110       0x1c ./Drivers/STM32L4xx_HAL_Driver/Src/stm32l4xx_hal_adc.o
 .text.LL_ADC_SetOffset
                0x000000000800412c       0x48 ./Drivers/STM32L4xx_HAL_Driver/Src/stm32l4xx_hal_adc.o
 .text.LL_ADC_GetOffsetChannel
                0x0000000008004174       0x2c ./Drivers/STM32L4xx_HAL_Driver/Src/stm32l4xx_hal_adc.o
 .text.LL_ADC_SetOffsetState
                0x00000000080041a0       0x36 ./Drivers/STM32L4xx_HAL_Driver/Src/stm32l4xx_hal_adc.o
 .text.LL_ADC_REG_SetSequencerRanks
                0x00000000080041d6       0x58 ./Drivers/STM32L4xx_HAL_Driver/Src/stm32l4xx_hal_adc.o
 .text.LL_ADC_SetChannelSamplingTime
                0x000000000800422e       0x56 ./Drivers/STM32L4xx_HAL_Driver/Src/stm32l4xx_hal_adc.o
 .text.LL_ADC_SetChannelSingleDiff
                0x0000000008004284       0x48 ./Drivers/STM32L4xx_HAL_Driver/Src/stm32l4xx_hal_adc.o
 .text.LL_ADC_DisableDeepPowerDown
                0x00000000080042cc       0x24 ./Drivers/STM32L4xx_HAL_Driver/Src/stm32l4xx_hal_adc.o
 .text.LL_ADC_IsDeepPowerDownEnabled
                0x00000000080042f0       0x28 ./Drivers/STM32L4xx_HAL_Driver/Src/stm32l4xx_hal_adc.o
 .text.LL_ADC_EnableInternalRegulator
                0x0000000008004318       0x28 ./Drivers/STM32L4xx_HAL_Driver/Src/stm32l4xx_hal_adc.o
 .text.LL_ADC_IsInternalRegulatorEnabled
                0x0000000008004340       0x28 ./Drivers/STM32L4xx_HAL_Driver/Src/stm32l4xx_hal_adc.o
 .text.LL_ADC_IsEnabled
                0x0000000008004368       0x26 ./Drivers/STM32L4xx_HAL_Driver/Src/stm32l4xx_hal_adc.o
 .text.LL_ADC_REG_IsConversionOngoing
                0x000000000800438e       0x26 ./Drivers/STM32L4xx_HAL_Driver/Src/stm32l4xx_hal_adc.o
 .text.LL_ADC_INJ_IsConversionOngoing
                0x00000000080043b4       0x26 ./Drivers/STM32L4xx_HAL_Driver/Src/stm32l4xx_hal_adc.o
 *fill*         0x00000000080043da        0x2 
 .text.HAL_ADC_Init
                0x00000000080043dc      0x2ac ./Drivers/STM32L4xx_HAL_Driver/Src/stm32l4xx_hal_adc.o
                0x00000000080043dc                HAL_ADC_Init
 .text.HAL_ADC_ConfigChannel
                0x0000000008004688      0x7e0 ./Drivers/STM32L4xx_HAL_Driver/Src/stm32l4xx_hal_adc.o
                0x0000000008004688                HAL_ADC_ConfigChannel
 .text.LL_ADC_IsEnabled
                0x0000000008004e68       0x26 ./Drivers/STM32L4xx_HAL_Driver/Src/stm32l4xx_hal_adc_ex.o
 .text.LL_ADC_REG_IsConversionOngoing
                0x0000000008004e8e       0x26 ./Drivers/STM32L4xx_HAL_Driver/Src/stm32l4xx_hal_adc_ex.o
 .text.HAL_ADCEx_MultiModeConfigChannel
                0x0000000008004eb4      0x160 ./Drivers/STM32L4xx_HAL_Driver/Src/stm32l4xx_hal_adc_ex.o
                0x0000000008004eb4                HAL_ADCEx_MultiModeConfigChannel
 .text.__NVIC_SetPriorityGrouping
                0x0000000008005014       0x48 ./Drivers/STM32L4xx_HAL_Driver/Src/stm32l4xx_hal_cortex.o
 .text.__NVIC_GetPriorityGrouping
                0x000000000800505c       0x1c ./Drivers/STM32L4xx_HAL_Driver/Src/stm32l4xx_hal_cortex.o
 .text.__NVIC_EnableIRQ
                0x0000000008005078       0x3c ./Drivers/STM32L4xx_HAL_Driver/Src/stm32l4xx_hal_cortex.o
 .text.__NVIC_SetPriority
                0x00000000080050b4       0x54 ./Drivers/STM32L4xx_HAL_Driver/Src/stm32l4xx_hal_cortex.o
 .text.NVIC_EncodePriority
                0x0000000008005108       0x66 ./Drivers/STM32L4xx_HAL_Driver/Src/stm32l4xx_hal_cortex.o
 *fill*         0x000000000800516e        0x2 
 .text.SysTick_Config
                0x0000000008005170       0x44 ./Drivers/STM32L4xx_HAL_Driver/Src/stm32l4xx_hal_cortex.o
 .text.HAL_NVIC_SetPriorityGrouping
                0x00000000080051b4       0x16 ./Drivers/STM32L4xx_HAL_Driver/Src/stm32l4xx_hal_cortex.o
                0x00000000080051b4                HAL_NVIC_SetPriorityGrouping
 .text.HAL_NVIC_SetPriority
                0x00000000080051ca       0x38 ./Drivers/STM32L4xx_HAL_Driver/Src/stm32l4xx_hal_cortex.o
                0x00000000080051ca                HAL_NVIC_SetPriority
 .text.HAL_NVIC_EnableIRQ
                0x0000000008005202       0x1c ./Drivers/STM32L4xx_HAL_Driver/Src/stm32l4xx_hal_cortex.o
                0x0000000008005202                HAL_NVIC_EnableIRQ
 .text.HAL_SYSTICK_Config
                0x000000000800521e       0x18 ./Drivers/STM32L4xx_HAL_Driver/Src/stm32l4xx_hal_cortex.o
                0x000000000800521e                HAL_SYSTICK_Config
 *fill*         0x0000000008005236        0x2 
 .text.HAL_DMA_Init
                0x0000000008005238      0x170 ./Drivers/STM32L4xx_HAL_Driver/Src/stm32l4xx_hal_dma.o
                0x0000000008005238                HAL_DMA_Init
 .text.HAL_DMA_Start_IT
                0x00000000080053a8       0xc0 ./Drivers/STM32L4xx_HAL_Driver/Src/stm32l4xx_hal_dma.o
                0x00000000080053a8                HAL_DMA_Start_IT
 .text.HAL_DMA_IRQHandler
                0x0000000008005468      0x15e ./Drivers/STM32L4xx_HAL_Driver/Src/stm32l4xx_hal_dma.o
                0x0000000008005468                HAL_DMA_IRQHandler
 .text.DMA_SetConfig
                0x00000000080055c6       0x60 ./Drivers/STM32L4xx_HAL_Driver/Src/stm32l4xx_hal_dma.o
 *fill*         0x0000000008005626        0x2 
 .text.HAL_GPIO_Init
                0x0000000008005628      0x354 ./Drivers/STM32L4xx_HAL_Driver/Src/stm32l4xx_hal_gpio.o
                0x0000000008005628                HAL_GPIO_Init
 .text.HAL_PWR_EnableBkUpAccess
                0x000000000800597c       0x20 ./Drivers/STM32L4xx_HAL_Driver/Src/stm32l4xx_hal_pwr.o
                0x000000000800597c                HAL_PWR_EnableBkUpAccess
 .text.HAL_PWR_EnterSTANDBYMode
                0x000000000800599c       0x34 ./Drivers/STM32L4xx_HAL_Driver/Src/stm32l4xx_hal_pwr.o
                0x000000000800599c                HAL_PWR_EnterSTANDBYMode
 .text.HAL_PWREx_GetVoltageRange
                0x00000000080059d0       0x1c ./Drivers/STM32L4xx_HAL_Driver/Src/stm32l4xx_hal_pwr_ex.o
                0x00000000080059d0                HAL_PWREx_GetVoltageRange
 .text.HAL_PWREx_ControlVoltageScaling
                0x00000000080059ec       0xac ./Drivers/STM32L4xx_HAL_Driver/Src/stm32l4xx_hal_pwr_ex.o
                0x00000000080059ec                HAL_PWREx_ControlVoltageScaling
 .text.HAL_RCC_OscConfig
                0x0000000008005a98      0x7cc ./Drivers/STM32L4xx_HAL_Driver/Src/stm32l4xx_hal_rcc.o
                0x0000000008005a98                HAL_RCC_OscConfig
 .text.HAL_RCC_ClockConfig
                0x0000000008006264      0x1c4 ./Drivers/STM32L4xx_HAL_Driver/Src/stm32l4xx_hal_rcc.o
                0x0000000008006264                HAL_RCC_ClockConfig
 .text.HAL_RCC_GetSysClockFreq
                0x0000000008006428      0x118 ./Drivers/STM32L4xx_HAL_Driver/Src/stm32l4xx_hal_rcc.o
                0x0000000008006428                HAL_RCC_GetSysClockFreq
 .text.HAL_RCC_GetHCLKFreq
                0x0000000008006540       0x18 ./Drivers/STM32L4xx_HAL_Driver/Src/stm32l4xx_hal_rcc.o
                0x0000000008006540                HAL_RCC_GetHCLKFreq
 .text.HAL_RCC_GetPCLK1Freq
                0x0000000008006558       0x2c ./Drivers/STM32L4xx_HAL_Driver/Src/stm32l4xx_hal_rcc.o
                0x0000000008006558                HAL_RCC_GetPCLK1Freq
 .text.HAL_RCC_GetPCLK2Freq
                0x0000000008006584       0x2c ./Drivers/STM32L4xx_HAL_Driver/Src/stm32l4xx_hal_rcc.o
                0x0000000008006584                HAL_RCC_GetPCLK2Freq
 .text.RCC_SetFlashLatencyFromMSIRange
                0x00000000080065b0       0xc0 ./Drivers/STM32L4xx_HAL_Driver/Src/stm32l4xx_hal_rcc.o
 .text.HAL_RCCEx_PeriphCLKConfig
                0x0000000008006670      0x5d4 ./Drivers/STM32L4xx_HAL_Driver/Src/stm32l4xx_hal_rcc_ex.o
                0x0000000008006670                HAL_RCCEx_PeriphCLKConfig
 .text.HAL_RCCEx_EnableMSIPLLMode
                0x0000000008006c44       0x20 ./Drivers/STM32L4xx_HAL_Driver/Src/stm32l4xx_hal_rcc_ex.o
                0x0000000008006c44                HAL_RCCEx_EnableMSIPLLMode
 .text.RCCEx_PLLSAI1_Config
                0x0000000008006c64      0x1e8 ./Drivers/STM32L4xx_HAL_Driver/Src/stm32l4xx_hal_rcc_ex.o
 .text.RCCEx_PLLSAI2_Config
                0x0000000008006e4c      0x1bc ./Drivers/STM32L4xx_HAL_Driver/Src/stm32l4xx_hal_rcc_ex.o
 .text.HAL_RTC_Init
                0x0000000008007008       0xf6 ./Drivers/STM32L4xx_HAL_Driver/Src/stm32l4xx_hal_rtc.o
                0x0000000008007008                HAL_RTC_Init
 .text.HAL_RTC_SetTime
                0x00000000080070fe      0x13a ./Drivers/STM32L4xx_HAL_Driver/Src/stm32l4xx_hal_rtc.o
                0x00000000080070fe                HAL_RTC_SetTime
 .text.HAL_RTC_GetTime
                0x0000000008007238       0xb8 ./Drivers/STM32L4xx_HAL_Driver/Src/stm32l4xx_hal_rtc.o
                0x0000000008007238                HAL_RTC_GetTime
 .text.HAL_RTC_SetDate
                0x00000000080072f0      0x10e ./Drivers/STM32L4xx_HAL_Driver/Src/stm32l4xx_hal_rtc.o
                0x00000000080072f0                HAL_RTC_SetDate
 .text.HAL_RTC_GetDate
                0x00000000080073fe       0x9a ./Drivers/STM32L4xx_HAL_Driver/Src/stm32l4xx_hal_rtc.o
                0x00000000080073fe                HAL_RTC_GetDate
 .text.HAL_RTC_SetAlarm_IT
                0x0000000008007498      0x278 ./Drivers/STM32L4xx_HAL_Driver/Src/stm32l4xx_hal_rtc.o
                0x0000000008007498                HAL_RTC_SetAlarm_IT
 .text.HAL_RTC_AlarmIRQHandler
                0x0000000008007710       0x8c ./Drivers/STM32L4xx_HAL_Driver/Src/stm32l4xx_hal_rtc.o
                0x0000000008007710                HAL_RTC_AlarmIRQHandler
 .text.HAL_RTC_WaitForSynchro
                0x000000000800779c       0x4c ./Drivers/STM32L4xx_HAL_Driver/Src/stm32l4xx_hal_rtc.o
                0x000000000800779c                HAL_RTC_WaitForSynchro
 .text.RTC_EnterInitMode
                0x00000000080077e8       0x66 ./Drivers/STM32L4xx_HAL_Driver/Src/stm32l4xx_hal_rtc.o
                0x00000000080077e8                RTC_EnterInitMode
 *fill*         0x000000000800784e        0x2 
 .text.RTC_ExitInitMode
                0x0000000008007850       0x7c ./Drivers/STM32L4xx_HAL_Driver/Src/stm32l4xx_hal_rtc.o
                0x0000000008007850                RTC_ExitInitMode
 .text.RTC_ByteToBcd2
                0x00000000080078cc       0x40 ./Drivers/STM32L4xx_HAL_Driver/Src/stm32l4xx_hal_rtc.o
                0x00000000080078cc                RTC_ByteToBcd2
 .text.RTC_Bcd2ToByte
                0x000000000800790c       0x34 ./Drivers/STM32L4xx_HAL_Driver/Src/stm32l4xx_hal_rtc.o
                0x000000000800790c                RTC_Bcd2ToByte
 .text.HAL_RTCEx_AlarmBEventCallback
                0x0000000008007940       0x14 ./Drivers/STM32L4xx_HAL_Driver/Src/stm32l4xx_hal_rtc_ex.o
                0x0000000008007940                HAL_RTCEx_AlarmBEventCallback
 .text.HAL_RTCEx_BKUPWrite
                0x0000000008007954       0x32 ./Drivers/STM32L4xx_HAL_Driver/Src/stm32l4xx_hal_rtc_ex.o
                0x0000000008007954                HAL_RTCEx_BKUPWrite
 .text.HAL_RTCEx_BKUPRead
                0x0000000008007986       0x2c ./Drivers/STM32L4xx_HAL_Driver/Src/stm32l4xx_hal_rtc_ex.o
                0x0000000008007986                HAL_RTCEx_BKUPRead
 .text.HAL_TIM_Base_Init
                0x00000000080079b2       0xae ./Drivers/STM32L4xx_HAL_Driver/Src/stm32l4xx_hal_tim.o
                0x00000000080079b2                HAL_TIM_Base_Init
 .text.HAL_TIM_Base_Start
                0x0000000008007a60       0xd0 ./Drivers/STM32L4xx_HAL_Driver/Src/stm32l4xx_hal_tim.o
                0x0000000008007a60                HAL_TIM_Base_Start
 .text.HAL_TIM_Base_Start_IT
                0x0000000008007b30       0xe0 ./Drivers/STM32L4xx_HAL_Driver/Src/stm32l4xx_hal_tim.o
                0x0000000008007b30                HAL_TIM_Base_Start_IT
 .text.HAL_TIM_PWM_Init
                0x0000000008007c10       0xae ./Drivers/STM32L4xx_HAL_Driver/Src/stm32l4xx_hal_tim.o
                0x0000000008007c10                HAL_TIM_PWM_Init
 .text.HAL_TIM_PWM_MspInit
                0x0000000008007cbe       0x14 ./Drivers/STM32L4xx_HAL_Driver/Src/stm32l4xx_hal_tim.o
                0x0000000008007cbe                HAL_TIM_PWM_MspInit
 *fill*         0x0000000008007cd2        0x2 
 .text.HAL_TIM_PWM_Start_DMA
                0x0000000008007cd4      0x440 ./Drivers/STM32L4xx_HAL_Driver/Src/stm32l4xx_hal_tim.o
                0x0000000008007cd4                HAL_TIM_PWM_Start_DMA
 .text.HAL_TIM_IC_Init
                0x0000000008008114       0xae ./Drivers/STM32L4xx_HAL_Driver/Src/stm32l4xx_hal_tim.o
                0x0000000008008114                HAL_TIM_IC_Init
 .text.HAL_TIM_IC_MspInit
                0x00000000080081c2       0x14 ./Drivers/STM32L4xx_HAL_Driver/Src/stm32l4xx_hal_tim.o
                0x00000000080081c2                HAL_TIM_IC_MspInit
 *fill*         0x00000000080081d6        0x2 
 .text.HAL_TIM_IC_Start_IT
                0x00000000080081d8      0x294 ./Drivers/STM32L4xx_HAL_Driver/Src/stm32l4xx_hal_tim.o
                0x00000000080081d8                HAL_TIM_IC_Start_IT
 .text.HAL_TIM_IRQHandler
                0x000000000800846c      0x23e ./Drivers/STM32L4xx_HAL_Driver/Src/stm32l4xx_hal_tim.o
                0x000000000800846c                HAL_TIM_IRQHandler
 .text.HAL_TIM_IC_ConfigChannel
                0x00000000080086aa      0x138 ./Drivers/STM32L4xx_HAL_Driver/Src/stm32l4xx_hal_tim.o
                0x00000000080086aa                HAL_TIM_IC_ConfigChannel
 *fill*         0x00000000080087e2        0x2 
 .text.HAL_TIM_PWM_ConfigChannel
                0x00000000080087e4      0x228 ./Drivers/STM32L4xx_HAL_Driver/Src/stm32l4xx_hal_tim.o
                0x00000000080087e4                HAL_TIM_PWM_ConfigChannel
 .text.HAL_TIM_ConfigClockSource
                0x0000000008008a0c      0x192 ./Drivers/STM32L4xx_HAL_Driver/Src/stm32l4xx_hal_tim.o
                0x0000000008008a0c                HAL_TIM_ConfigClockSource
 .text.HAL_TIM_SlaveConfigSynchro
                0x0000000008008b9e       0x84 ./Drivers/STM32L4xx_HAL_Driver/Src/stm32l4xx_hal_tim.o
                0x0000000008008b9e                HAL_TIM_SlaveConfigSynchro
 *fill*         0x0000000008008c22        0x2 
 .text.HAL_TIM_ReadCapturedValue
                0x0000000008008c24       0x88 ./Drivers/STM32L4xx_HAL_Driver/Src/stm32l4xx_hal_tim.o
                0x0000000008008c24                HAL_TIM_ReadCapturedValue
 .text.HAL_TIM_OC_DelayElapsedCallback
                0x0000000008008cac       0x14 ./Drivers/STM32L4xx_HAL_Driver/Src/stm32l4xx_hal_tim.o
                0x0000000008008cac                HAL_TIM_OC_DelayElapsedCallback
 .text.HAL_TIM_PWM_PulseFinishedCallback
                0x0000000008008cc0       0x14 ./Drivers/STM32L4xx_HAL_Driver/Src/stm32l4xx_hal_tim.o
                0x0000000008008cc0                HAL_TIM_PWM_PulseFinishedCallback
 .text.HAL_TIM_PWM_PulseFinishedHalfCpltCallback
                0x0000000008008cd4       0x14 ./Drivers/STM32L4xx_HAL_Driver/Src/stm32l4xx_hal_tim.o
                0x0000000008008cd4                HAL_TIM_PWM_PulseFinishedHalfCpltCallback
 .text.HAL_TIM_TriggerCallback
                0x0000000008008ce8       0x14 ./Drivers/STM32L4xx_HAL_Driver/Src/stm32l4xx_hal_tim.o
                0x0000000008008ce8                HAL_TIM_TriggerCallback
 .text.HAL_TIM_ErrorCallback
                0x0000000008008cfc       0x14 ./Drivers/STM32L4xx_HAL_Driver/Src/stm32l4xx_hal_tim.o
                0x0000000008008cfc                HAL_TIM_ErrorCallback
 .text.HAL_TIM_GetActiveChannel
                0x0000000008008d10       0x18 ./Drivers/STM32L4xx_HAL_Driver/Src/stm32l4xx_hal_tim.o
                0x0000000008008d10                HAL_TIM_GetActiveChannel
 .text.HAL_TIM_GetChannelState
                0x0000000008008d28       0x72 ./Drivers/STM32L4xx_HAL_Driver/Src/stm32l4xx_hal_tim.o
                0x0000000008008d28                HAL_TIM_GetChannelState
 .text.TIM_DMAError
                0x0000000008008d9a       0x92 ./Drivers/STM32L4xx_HAL_Driver/Src/stm32l4xx_hal_tim.o
                0x0000000008008d9a                TIM_DMAError
 .text.TIM_DMADelayPulseCplt
                0x0000000008008e2c       0xa8 ./Drivers/STM32L4xx_HAL_Driver/Src/stm32l4xx_hal_tim.o
 .text.TIM_DMADelayPulseHalfCplt
                0x0000000008008ed4       0x68 ./Drivers/STM32L4xx_HAL_Driver/Src/stm32l4xx_hal_tim.o
                0x0000000008008ed4                TIM_DMADelayPulseHalfCplt
 .text.TIM_Base_SetConfig
                0x0000000008008f3c      0x134 ./Drivers/STM32L4xx_HAL_Driver/Src/stm32l4xx_hal_tim.o
                0x0000000008008f3c                TIM_Base_SetConfig
 .text.TIM_OC1_SetConfig
                0x0000000008009070      0x120 ./Drivers/STM32L4xx_HAL_Driver/Src/stm32l4xx_hal_tim.o
 .text.TIM_OC2_SetConfig
                0x0000000008009190      0x114 ./Drivers/STM32L4xx_HAL_Driver/Src/stm32l4xx_hal_tim.o
                0x0000000008009190                TIM_OC2_SetConfig
 .text.TIM_OC3_SetConfig
                0x00000000080092a4      0x110 ./Drivers/STM32L4xx_HAL_Driver/Src/stm32l4xx_hal_tim.o
 .text.TIM_OC4_SetConfig
                0x00000000080093b4       0xd4 ./Drivers/STM32L4xx_HAL_Driver/Src/stm32l4xx_hal_tim.o
 .text.TIM_OC5_SetConfig
                0x0000000008009488       0xc8 ./Drivers/STM32L4xx_HAL_Driver/Src/stm32l4xx_hal_tim.o
 .text.TIM_OC6_SetConfig
                0x0000000008009550       0xcc ./Drivers/STM32L4xx_HAL_Driver/Src/stm32l4xx_hal_tim.o
 .text.TIM_SlaveTimer_SetConfig
                0x000000000800961c      0x126 ./Drivers/STM32L4xx_HAL_Driver/Src/stm32l4xx_hal_tim.o
 *fill*         0x0000000008009742        0x2 
 .text.TIM_TI1_SetConfig
                0x0000000008009744       0xdc ./Drivers/STM32L4xx_HAL_Driver/Src/stm32l4xx_hal_tim.o
                0x0000000008009744                TIM_TI1_SetConfig
 .text.TIM_TI1_ConfigInputStage
                0x0000000008009820       0x5e ./Drivers/STM32L4xx_HAL_Driver/Src/stm32l4xx_hal_tim.o
 .text.TIM_TI2_SetConfig
                0x000000000800987e       0x7a ./Drivers/STM32L4xx_HAL_Driver/Src/stm32l4xx_hal_tim.o
 .text.TIM_TI2_ConfigInputStage
                0x00000000080098f8       0x60 ./Drivers/STM32L4xx_HAL_Driver/Src/stm32l4xx_hal_tim.o
 .text.TIM_TI3_SetConfig
                0x0000000008009958       0x78 ./Drivers/STM32L4xx_HAL_Driver/Src/stm32l4xx_hal_tim.o
 .text.TIM_TI4_SetConfig
                0x00000000080099d0       0x7a ./Drivers/STM32L4xx_HAL_Driver/Src/stm32l4xx_hal_tim.o
 .text.TIM_ITRx_SetConfig
                0x0000000008009a4a       0x36 ./Drivers/STM32L4xx_HAL_Driver/Src/stm32l4xx_hal_tim.o
 .text.TIM_ETR_SetConfig
                0x0000000008009a80       0x40 ./Drivers/STM32L4xx_HAL_Driver/Src/stm32l4xx_hal_tim.o
                0x0000000008009a80                TIM_ETR_SetConfig
 .text.TIM_CCxChannelCmd
                0x0000000008009ac0       0x4a ./Drivers/STM32L4xx_HAL_Driver/Src/stm32l4xx_hal_tim.o
                0x0000000008009ac0                TIM_CCxChannelCmd
 *fill*         0x0000000008009b0a        0x2 
 .text.HAL_TIMEx_MasterConfigSynchronization
                0x0000000008009b0c      0x110 ./Drivers/STM32L4xx_HAL_Driver/Src/stm32l4xx_hal_tim_ex.o
                0x0000000008009b0c                HAL_TIMEx_MasterConfigSynchronization
 .text.HAL_TIMEx_CommutCallback
                0x0000000008009c1c       0x14 ./Drivers/STM32L4xx_HAL_Driver/Src/stm32l4xx_hal_tim_ex.o
                0x0000000008009c1c                HAL_TIMEx_CommutCallback
 .text.HAL_TIMEx_BreakCallback
                0x0000000008009c30       0x14 ./Drivers/STM32L4xx_HAL_Driver/Src/stm32l4xx_hal_tim_ex.o
                0x0000000008009c30                HAL_TIMEx_BreakCallback
 .text.HAL_TIMEx_Break2Callback
                0x0000000008009c44       0x14 ./Drivers/STM32L4xx_HAL_Driver/Src/stm32l4xx_hal_tim_ex.o
                0x0000000008009c44                HAL_TIMEx_Break2Callback
 .text.HAL_UART_Init
                0x0000000008009c58       0x9c ./Drivers/STM32L4xx_HAL_Driver/Src/stm32l4xx_hal_uart.o
                0x0000000008009c58                HAL_UART_Init
 .text.HAL_UART_Transmit
                0x0000000008009cf4      0x128 ./Drivers/STM32L4xx_HAL_Driver/Src/stm32l4xx_hal_uart.o
                0x0000000008009cf4                HAL_UART_Transmit
 .text.HAL_UART_Receive
                0x0000000008009e1c      0x1a2 ./Drivers/STM32L4xx_HAL_Driver/Src/stm32l4xx_hal_uart.o
                0x0000000008009e1c                HAL_UART_Receive
 *fill*         0x0000000008009fbe        0x2 
 .text.UART_SetConfig
                0x0000000008009fc0      0x514 ./Drivers/STM32L4xx_HAL_Driver/Src/stm32l4xx_hal_uart.o
                0x0000000008009fc0                UART_SetConfig
 .text.UART_AdvFeatureConfig
                0x000000000800a4d4      0x144 ./Drivers/STM32L4xx_HAL_Driver/Src/stm32l4xx_hal_uart.o
                0x000000000800a4d4                UART_AdvFeatureConfig
 .text.UART_CheckIdleState
                0x000000000800a618       0x92 ./Drivers/STM32L4xx_HAL_Driver/Src/stm32l4xx_hal_uart.o
                0x000000000800a618                UART_CheckIdleState
 .text.UART_WaitOnFlagUntilTimeout
                0x000000000800a6aa      0x188 ./Drivers/STM32L4xx_HAL_Driver/Src/stm32l4xx_hal_uart.o
                0x000000000800a6aa                UART_WaitOnFlagUntilTimeout
 *fill*         0x000000000800a832        0x2 
 .text.__errno  0x000000000800a834        0xc c:/st/stm32cubeide_1.7.0/stm32cubeide/plugins/com.st.stm32cube.ide.mcu.externaltools.gnu-tools-for-stm32.9-2020-q2-update.win32_2.0.0.202105311346/tools/bin/../lib/gcc/arm-none-eabi/9.3.1/../../../../arm-none-eabi/lib/thumb/v7e-m+fp/hard\libc_nano.a(lib_a-errno.o)
                0x000000000800a834                __errno
 .text.__libc_init_array
                0x000000000800a840       0x48 c:/st/stm32cubeide_1.7.0/stm32cubeide/plugins/com.st.stm32cube.ide.mcu.externaltools.gnu-tools-for-stm32.9-2020-q2-update.win32_2.0.0.202105311346/tools/bin/../lib/gcc/arm-none-eabi/9.3.1/../../../../arm-none-eabi/lib/thumb/v7e-m+fp/hard\libc_nano.a(lib_a-init.o)
                0x000000000800a840                __libc_init_array
 .text.memset   0x000000000800a888       0x10 c:/st/stm32cubeide_1.7.0/stm32cubeide/plugins/com.st.stm32cube.ide.mcu.externaltools.gnu-tools-for-stm32.9-2020-q2-update.win32_2.0.0.202105311346/tools/bin/../lib/gcc/arm-none-eabi/9.3.1/../../../../arm-none-eabi/lib/thumb/v7e-m+fp/hard\libc_nano.a(lib_a-memset.o)
                0x000000000800a888                memset
 .text.__cvt    0x000000000800a898       0xc4 c:/st/stm32cubeide_1.7.0/stm32cubeide/plugins/com.st.stm32cube.ide.mcu.externaltools.gnu-tools-for-stm32.9-2020-q2-update.win32_2.0.0.202105311346/tools/bin/../lib/gcc/arm-none-eabi/9.3.1/../../../../arm-none-eabi/lib/thumb/v7e-m+fp/hard\libc_nano.a(lib_a-nano-vfprintf_float.o)
                0x000000000800a898                __cvt
 .text.__exponent
                0x000000000800a95c       0x7c c:/st/stm32cubeide_1.7.0/stm32cubeide/plugins/com.st.stm32cube.ide.mcu.externaltools.gnu-tools-for-stm32.9-2020-q2-update.win32_2.0.0.202105311346/tools/bin/../lib/gcc/arm-none-eabi/9.3.1/../../../../arm-none-eabi/lib/thumb/v7e-m+fp/hard\libc_nano.a(lib_a-nano-vfprintf_float.o)
                0x000000000800a95c                __exponent
 .text._printf_float
                0x000000000800a9d8      0x46c c:/st/stm32cubeide_1.7.0/stm32cubeide/plugins/com.st.stm32cube.ide.mcu.externaltools.gnu-tools-for-stm32.9-2020-q2-update.win32_2.0.0.202105311346/tools/bin/../lib/gcc/arm-none-eabi/9.3.1/../../../../arm-none-eabi/lib/thumb/v7e-m+fp/hard\libc_nano.a(lib_a-nano-vfprintf_float.o)
                0x000000000800a9d8                _printf_float
 .text._printf_common
                0x000000000800ae44       0xda c:/st/stm32cubeide_1.7.0/stm32cubeide/plugins/com.st.stm32cube.ide.mcu.externaltools.gnu-tools-for-stm32.9-2020-q2-update.win32_2.0.0.202105311346/tools/bin/../lib/gcc/arm-none-eabi/9.3.1/../../../../arm-none-eabi/lib/thumb/v7e-m+fp/hard\libc_nano.a(lib_a-nano-vfprintf_i.o)
                0x000000000800ae44                _printf_common
 *fill*         0x000000000800af1e        0x2 
 .text._printf_i
                0x000000000800af20      0x24c c:/st/stm32cubeide_1.7.0/stm32cubeide/plugins/com.st.stm32cube.ide.mcu.externaltools.gnu-tools-for-stm32.9-2020-q2-update.win32_2.0.0.202105311346/tools/bin/../lib/gcc/arm-none-eabi/9.3.1/../../../../arm-none-eabi/lib/thumb/v7e-m+fp/hard\libc_nano.a(lib_a-nano-vfprintf_i.o)
                0x000000000800af20                _printf_i
 .text.quorem   0x000000000800b16c      0x116 c:/st/stm32cubeide_1.7.0/stm32cubeide/plugins/com.st.stm32cube.ide.mcu.externaltools.gnu-tools-for-stm32.9-2020-q2-update.win32_2.0.0.202105311346/tools/bin/../lib/gcc/arm-none-eabi/9.3.1/../../../../arm-none-eabi/lib/thumb/v7e-m+fp/hard\libc_nano.a(lib_a-dtoa.o)
 *fill*         0x000000000800b282        0x6 
 .text._dtoa_r  0x000000000800b288      0xbd8 c:/st/stm32cubeide_1.7.0/stm32cubeide/plugins/com.st.stm32cube.ide.mcu.externaltools.gnu-tools-for-stm32.9-2020-q2-update.win32_2.0.0.202105311346/tools/bin/../lib/gcc/arm-none-eabi/9.3.1/../../../../arm-none-eabi/lib/thumb/v7e-m+fp/hard\libc_nano.a(lib_a-dtoa.o)
                0x000000000800b288                _dtoa_r
 .text.std      0x000000000800be60       0x48 c:/st/stm32cubeide_1.7.0/stm32cubeide/plugins/com.st.stm32cube.ide.mcu.externaltools.gnu-tools-for-stm32.9-2020-q2-update.win32_2.0.0.202105311346/tools/bin/../lib/gcc/arm-none-eabi/9.3.1/../../../../arm-none-eabi/lib/thumb/v7e-m+fp/hard\libc_nano.a(lib_a-findfp.o)
 .text._cleanup_r
                0x000000000800bea8        0xc c:/st/stm32cubeide_1.7.0/stm32cubeide/plugins/com.st.stm32cube.ide.mcu.externaltools.gnu-tools-for-stm32.9-2020-q2-update.win32_2.0.0.202105311346/tools/bin/../lib/gcc/arm-none-eabi/9.3.1/../../../../arm-none-eabi/lib/thumb/v7e-m+fp/hard\libc_nano.a(lib_a-findfp.o)
                0x000000000800bea8                _cleanup_r
 .text.__sfmoreglue
                0x000000000800beb4       0x2c c:/st/stm32cubeide_1.7.0/stm32cubeide/plugins/com.st.stm32cube.ide.mcu.externaltools.gnu-tools-for-stm32.9-2020-q2-update.win32_2.0.0.202105311346/tools/bin/../lib/gcc/arm-none-eabi/9.3.1/../../../../arm-none-eabi/lib/thumb/v7e-m+fp/hard\libc_nano.a(lib_a-findfp.o)
                0x000000000800beb4                __sfmoreglue
 .text.__sfp_lock_acquire
                0x000000000800bee0        0xc c:/st/stm32cubeide_1.7.0/stm32cubeide/plugins/com.st.stm32cube.ide.mcu.externaltools.gnu-tools-for-stm32.9-2020-q2-update.win32_2.0.0.202105311346/tools/bin/../lib/gcc/arm-none-eabi/9.3.1/../../../../arm-none-eabi/lib/thumb/v7e-m+fp/hard\libc_nano.a(lib_a-findfp.o)
                0x000000000800bee0                __sfp_lock_acquire
 .text.__sfp_lock_release
                0x000000000800beec        0xc c:/st/stm32cubeide_1.7.0/stm32cubeide/plugins/com.st.stm32cube.ide.mcu.externaltools.gnu-tools-for-stm32.9-2020-q2-update.win32_2.0.0.202105311346/tools/bin/../lib/gcc/arm-none-eabi/9.3.1/../../../../arm-none-eabi/lib/thumb/v7e-m+fp/hard\libc_nano.a(lib_a-findfp.o)
                0x000000000800beec                __sfp_lock_release
 .text.__sinit_lock_acquire
                0x000000000800bef8        0xc c:/st/stm32cubeide_1.7.0/stm32cubeide/plugins/com.st.stm32cube.ide.mcu.externaltools.gnu-tools-for-stm32.9-2020-q2-update.win32_2.0.0.202105311346/tools/bin/../lib/gcc/arm-none-eabi/9.3.1/../../../../arm-none-eabi/lib/thumb/v7e-m+fp/hard\libc_nano.a(lib_a-findfp.o)
                0x000000000800bef8                __sinit_lock_acquire
 .text.__sinit_lock_release
                0x000000000800bf04        0xc c:/st/stm32cubeide_1.7.0/stm32cubeide/plugins/com.st.stm32cube.ide.mcu.externaltools.gnu-tools-for-stm32.9-2020-q2-update.win32_2.0.0.202105311346/tools/bin/../lib/gcc/arm-none-eabi/9.3.1/../../../../arm-none-eabi/lib/thumb/v7e-m+fp/hard\libc_nano.a(lib_a-findfp.o)
                0x000000000800bf04                __sinit_lock_release
 .text.__sinit  0x000000000800bf10       0x70 c:/st/stm32cubeide_1.7.0/stm32cubeide/plugins/com.st.stm32cube.ide.mcu.externaltools.gnu-tools-for-stm32.9-2020-q2-update.win32_2.0.0.202105311346/tools/bin/../lib/gcc/arm-none-eabi/9.3.1/../../../../arm-none-eabi/lib/thumb/v7e-m+fp/hard\libc_nano.a(lib_a-findfp.o)
                0x000000000800bf10                __sinit
 .text.__sfp    0x000000000800bf80       0x8c c:/st/stm32cubeide_1.7.0/stm32cubeide/plugins/com.st.stm32cube.ide.mcu.externaltools.gnu-tools-for-stm32.9-2020-q2-update.win32_2.0.0.202105311346/tools/bin/../lib/gcc/arm-none-eabi/9.3.1/../../../../arm-none-eabi/lib/thumb/v7e-m+fp/hard\libc_nano.a(lib_a-findfp.o)
                0x000000000800bf80                __sfp
 .text._fwalk_reent
                0x000000000800c00c       0x3e c:/st/stm32cubeide_1.7.0/stm32cubeide/plugins/com.st.stm32cube.ide.mcu.externaltools.gnu-tools-for-stm32.9-2020-q2-update.win32_2.0.0.202105311346/tools/bin/../lib/gcc/arm-none-eabi/9.3.1/../../../../arm-none-eabi/lib/thumb/v7e-m+fp/hard\libc_nano.a(lib_a-fwalk.o)
                0x000000000800c00c                _fwalk_reent
 *fill*         0x000000000800c04a        0x2 
 .text._localeconv_r
                0x000000000800c04c        0x8 c:/st/stm32cubeide_1.7.0/stm32cubeide/plugins/com.st.stm32cube.ide.mcu.externaltools.gnu-tools-for-stm32.9-2020-q2-update.win32_2.0.0.202105311346/tools/bin/../lib/gcc/arm-none-eabi/9.3.1/../../../../arm-none-eabi/lib/thumb/v7e-m+fp/hard\libc_nano.a(lib_a-localeconv.o)
                0x000000000800c04c                _localeconv_r
 .text.__retarget_lock_init_recursive
                0x000000000800c054        0x2 c:/st/stm32cubeide_1.7.0/stm32cubeide/plugins/com.st.stm32cube.ide.mcu.externaltools.gnu-tools-for-stm32.9-2020-q2-update.win32_2.0.0.202105311346/tools/bin/../lib/gcc/arm-none-eabi/9.3.1/../../../../arm-none-eabi/lib/thumb/v7e-m+fp/hard\libc_nano.a(lib_a-lock.o)
                0x000000000800c054                __retarget_lock_init_recursive
 .text.__retarget_lock_acquire_recursive
                0x000000000800c056        0x2 c:/st/stm32cubeide_1.7.0/stm32cubeide/plugins/com.st.stm32cube.ide.mcu.externaltools.gnu-tools-for-stm32.9-2020-q2-update.win32_2.0.0.202105311346/tools/bin/../lib/gcc/arm-none-eabi/9.3.1/../../../../arm-none-eabi/lib/thumb/v7e-m+fp/hard\libc_nano.a(lib_a-lock.o)
                0x000000000800c056                __retarget_lock_acquire_recursive
 .text.__retarget_lock_release_recursive
                0x000000000800c058        0x2 c:/st/stm32cubeide_1.7.0/stm32cubeide/plugins/com.st.stm32cube.ide.mcu.externaltools.gnu-tools-for-stm32.9-2020-q2-update.win32_2.0.0.202105311346/tools/bin/../lib/gcc/arm-none-eabi/9.3.1/../../../../arm-none-eabi/lib/thumb/v7e-m+fp/hard\libc_nano.a(lib_a-lock.o)
                0x000000000800c058                __retarget_lock_release_recursive
 *fill*         0x000000000800c05a        0x2 
 .text.malloc   0x000000000800c05c       0x10 c:/st/stm32cubeide_1.7.0/stm32cubeide/plugins/com.st.stm32cube.ide.mcu.externaltools.gnu-tools-for-stm32.9-2020-q2-update.win32_2.0.0.202105311346/tools/bin/../lib/gcc/arm-none-eabi/9.3.1/../../../../arm-none-eabi/lib/thumb/v7e-m+fp/hard\libc_nano.a(lib_a-malloc.o)
                0x000000000800c05c                malloc
 .text.memcpy   0x000000000800c06c       0x1c c:/st/stm32cubeide_1.7.0/stm32cubeide/plugins/com.st.stm32cube.ide.mcu.externaltools.gnu-tools-for-stm32.9-2020-q2-update.win32_2.0.0.202105311346/tools/bin/../lib/gcc/arm-none-eabi/9.3.1/../../../../arm-none-eabi/lib/thumb/v7e-m+fp/hard\libc_nano.a(lib_a-memcpy-stub.o)
                0x000000000800c06c                memcpy
 .text._Balloc  0x000000000800c088       0x80 c:/st/stm32cubeide_1.7.0/stm32cubeide/plugins/com.st.stm32cube.ide.mcu.externaltools.gnu-tools-for-stm32.9-2020-q2-update.win32_2.0.0.202105311346/tools/bin/../lib/gcc/arm-none-eabi/9.3.1/../../../../arm-none-eabi/lib/thumb/v7e-m+fp/hard\libc_nano.a(lib_a-mprec.o)
                0x000000000800c088                _Balloc
 .text._Bfree   0x000000000800c108       0x44 c:/st/stm32cubeide_1.7.0/stm32cubeide/plugins/com.st.stm32cube.ide.mcu.externaltools.gnu-tools-for-stm32.9-2020-q2-update.win32_2.0.0.202105311346/tools/bin/../lib/gcc/arm-none-eabi/9.3.1/../../../../arm-none-eabi/lib/thumb/v7e-m+fp/hard\libc_nano.a(lib_a-mprec.o)
                0x000000000800c108                _Bfree
 .text.__multadd
                0x000000000800c14c       0x94 c:/st/stm32cubeide_1.7.0/stm32cubeide/plugins/com.st.stm32cube.ide.mcu.externaltools.gnu-tools-for-stm32.9-2020-q2-update.win32_2.0.0.202105311346/tools/bin/../lib/gcc/arm-none-eabi/9.3.1/../../../../arm-none-eabi/lib/thumb/v7e-m+fp/hard\libc_nano.a(lib_a-mprec.o)
                0x000000000800c14c                __multadd
 .text.__hi0bits
                0x000000000800c1e0       0x40 c:/st/stm32cubeide_1.7.0/stm32cubeide/plugins/com.st.stm32cube.ide.mcu.externaltools.gnu-tools-for-stm32.9-2020-q2-update.win32_2.0.0.202105311346/tools/bin/../lib/gcc/arm-none-eabi/9.3.1/../../../../arm-none-eabi/lib/thumb/v7e-m+fp/hard\libc_nano.a(lib_a-mprec.o)
                0x000000000800c1e0                __hi0bits
 .text.__lo0bits
                0x000000000800c220       0x60 c:/st/stm32cubeide_1.7.0/stm32cubeide/plugins/com.st.stm32cube.ide.mcu.externaltools.gnu-tools-for-stm32.9-2020-q2-update.win32_2.0.0.202105311346/tools/bin/../lib/gcc/arm-none-eabi/9.3.1/../../../../arm-none-eabi/lib/thumb/v7e-m+fp/hard\libc_nano.a(lib_a-mprec.o)
                0x000000000800c220                __lo0bits
 .text.__i2b    0x000000000800c280       0x2c c:/st/stm32cubeide_1.7.0/stm32cubeide/plugins/com.st.stm32cube.ide.mcu.externaltools.gnu-tools-for-stm32.9-2020-q2-update.win32_2.0.0.202105311346/tools/bin/../lib/gcc/arm-none-eabi/9.3.1/../../../../arm-none-eabi/lib/thumb/v7e-m+fp/hard\libc_nano.a(lib_a-mprec.o)
                0x000000000800c280                __i2b
 .text.__multiply
                0x000000000800c2ac      0x14c c:/st/stm32cubeide_1.7.0/stm32cubeide/plugins/com.st.stm32cube.ide.mcu.externaltools.gnu-tools-for-stm32.9-2020-q2-update.win32_2.0.0.202105311346/tools/bin/../lib/gcc/arm-none-eabi/9.3.1/../../../../arm-none-eabi/lib/thumb/v7e-m+fp/hard\libc_nano.a(lib_a-mprec.o)
                0x000000000800c2ac                __multiply
 .text.__pow5mult
                0x000000000800c3f8       0xb4 c:/st/stm32cubeide_1.7.0/stm32cubeide/plugins/com.st.stm32cube.ide.mcu.externaltools.gnu-tools-for-stm32.9-2020-q2-update.win32_2.0.0.202105311346/tools/bin/../lib/gcc/arm-none-eabi/9.3.1/../../../../arm-none-eabi/lib/thumb/v7e-m+fp/hard\libc_nano.a(lib_a-mprec.o)
                0x000000000800c3f8                __pow5mult
 .text.__lshift
                0x000000000800c4ac       0xd8 c:/st/stm32cubeide_1.7.0/stm32cubeide/plugins/com.st.stm32cube.ide.mcu.externaltools.gnu-tools-for-stm32.9-2020-q2-update.win32_2.0.0.202105311346/tools/bin/../lib/gcc/arm-none-eabi/9.3.1/../../../../arm-none-eabi/lib/thumb/v7e-m+fp/hard\libc_nano.a(lib_a-mprec.o)
                0x000000000800c4ac                __lshift
 .text.__mcmp   0x000000000800c584       0x38 c:/st/stm32cubeide_1.7.0/stm32cubeide/plugins/com.st.stm32cube.ide.mcu.externaltools.gnu-tools-for-stm32.9-2020-q2-update.win32_2.0.0.202105311346/tools/bin/../lib/gcc/arm-none-eabi/9.3.1/../../../../arm-none-eabi/lib/thumb/v7e-m+fp/hard\libc_nano.a(lib_a-mprec.o)
                0x000000000800c584                __mcmp
 .text.__mdiff  0x000000000800c5bc      0x110 c:/st/stm32cubeide_1.7.0/stm32cubeide/plugins/com.st.stm32cube.ide.mcu.externaltools.gnu-tools-for-stm32.9-2020-q2-update.win32_2.0.0.202105311346/tools/bin/../lib/gcc/arm-none-eabi/9.3.1/../../../../arm-none-eabi/lib/thumb/v7e-m+fp/hard\libc_nano.a(lib_a-mprec.o)
                0x000000000800c5bc                __mdiff
 .text.__d2b    0x000000000800c6cc       0xb8 c:/st/stm32cubeide_1.7.0/stm32cubeide/plugins/com.st.stm32cube.ide.mcu.externaltools.gnu-tools-for-stm32.9-2020-q2-update.win32_2.0.0.202105311346/tools/bin/../lib/gcc/arm-none-eabi/9.3.1/../../../../arm-none-eabi/lib/thumb/v7e-m+fp/hard\libc_nano.a(lib_a-mprec.o)
                0x000000000800c6cc                __d2b
 .text._calloc_r
                0x000000000800c784       0x1e c:/st/stm32cubeide_1.7.0/stm32cubeide/plugins/com.st.stm32cube.ide.mcu.externaltools.gnu-tools-for-stm32.9-2020-q2-update.win32_2.0.0.202105311346/tools/bin/../lib/gcc/arm-none-eabi/9.3.1/../../../../arm-none-eabi/lib/thumb/v7e-m+fp/hard\libc_nano.a(lib_a-nano-callocr.o)
                0x000000000800c784                _calloc_r
 *fill*         0x000000000800c7a2        0x2 
 .text._free_r  0x000000000800c7a4       0xa0 c:/st/stm32cubeide_1.7.0/stm32cubeide/plugins/com.st.stm32cube.ide.mcu.externaltools.gnu-tools-for-stm32.9-2020-q2-update.win32_2.0.0.202105311346/tools/bin/../lib/gcc/arm-none-eabi/9.3.1/../../../../arm-none-eabi/lib/thumb/v7e-m+fp/hard\libc_nano.a(lib_a-nano-freer.o)
                0x000000000800c7a4                _free_r
 .text._malloc_r
                0x000000000800c844       0xb4 c:/st/stm32cubeide_1.7.0/stm32cubeide/plugins/com.st.stm32cube.ide.mcu.externaltools.gnu-tools-for-stm32.9-2020-q2-update.win32_2.0.0.202105311346/tools/bin/../lib/gcc/arm-none-eabi/9.3.1/../../../../arm-none-eabi/lib/thumb/v7e-m+fp/hard\libc_nano.a(lib_a-nano-mallocr.o)
                0x000000000800c844                _malloc_r
 .text.__sfputc_r
                0x000000000800c8f8       0x2e c:/st/stm32cubeide_1.7.0/stm32cubeide/plugins/com.st.stm32cube.ide.mcu.externaltools.gnu-tools-for-stm32.9-2020-q2-update.win32_2.0.0.202105311346/tools/bin/../lib/gcc/arm-none-eabi/9.3.1/../../../../arm-none-eabi/lib/thumb/v7e-m+fp/hard\libc_nano.a(lib_a-nano-vfprintf.o)
 .text.__sfputs_r
                0x000000000800c926       0x24 c:/st/stm32cubeide_1.7.0/stm32cubeide/plugins/com.st.stm32cube.ide.mcu.externaltools.gnu-tools-for-stm32.9-2020-q2-update.win32_2.0.0.202105311346/tools/bin/../lib/gcc/arm-none-eabi/9.3.1/../../../../arm-none-eabi/lib/thumb/v7e-m+fp/hard\libc_nano.a(lib_a-nano-vfprintf.o)
                0x000000000800c926                __sfputs_r
 *fill*         0x000000000800c94a        0x2 
 .text._vfprintf_r
                0x000000000800c94c      0x260 c:/st/stm32cubeide_1.7.0/stm32cubeide/plugins/com.st.stm32cube.ide.mcu.externaltools.gnu-tools-for-stm32.9-2020-q2-update.win32_2.0.0.202105311346/tools/bin/../lib/gcc/arm-none-eabi/9.3.1/../../../../arm-none-eabi/lib/thumb/v7e-m+fp/hard\libc_nano.a(lib_a-nano-vfprintf.o)
                0x000000000800c94c                _vfprintf_r
                0x000000000800c94c                _vfiprintf_r
 .text._sbrk_r  0x000000000800cbac       0x20 c:/st/stm32cubeide_1.7.0/stm32cubeide/plugins/com.st.stm32cube.ide.mcu.externaltools.gnu-tools-for-stm32.9-2020-q2-update.win32_2.0.0.202105311346/tools/bin/../lib/gcc/arm-none-eabi/9.3.1/../../../../arm-none-eabi/lib/thumb/v7e-m+fp/hard\libc_nano.a(lib_a-sbrkr.o)
                0x000000000800cbac                _sbrk_r
 .text.__sread  0x000000000800cbcc       0x22 c:/st/stm32cubeide_1.7.0/stm32cubeide/plugins/com.st.stm32cube.ide.mcu.externaltools.gnu-tools-for-stm32.9-2020-q2-update.win32_2.0.0.202105311346/tools/bin/../lib/gcc/arm-none-eabi/9.3.1/../../../../arm-none-eabi/lib/thumb/v7e-m+fp/hard\libc_nano.a(lib_a-stdio.o)
                0x000000000800cbcc                __sread
 .text.__swrite
                0x000000000800cbee       0x38 c:/st/stm32cubeide_1.7.0/stm32cubeide/plugins/com.st.stm32cube.ide.mcu.externaltools.gnu-tools-for-stm32.9-2020-q2-update.win32_2.0.0.202105311346/tools/bin/../lib/gcc/arm-none-eabi/9.3.1/../../../../arm-none-eabi/lib/thumb/v7e-m+fp/hard\libc_nano.a(lib_a-stdio.o)
                0x000000000800cbee                __swrite
 .text.__sseek  0x000000000800cc26       0x24 c:/st/stm32cubeide_1.7.0/stm32cubeide/plugins/com.st.stm32cube.ide.mcu.externaltools.gnu-tools-for-stm32.9-2020-q2-update.win32_2.0.0.202105311346/tools/bin/../lib/gcc/arm-none-eabi/9.3.1/../../../../arm-none-eabi/lib/thumb/v7e-m+fp/hard\libc_nano.a(lib_a-stdio.o)
                0x000000000800cc26                __sseek
 .text.__sclose
                0x000000000800cc4a        0x8 c:/st/stm32cubeide_1.7.0/stm32cubeide/plugins/com.st.stm32cube.ide.mcu.externaltools.gnu-tools-for-stm32.9-2020-q2-update.win32_2.0.0.202105311346/tools/bin/../lib/gcc/arm-none-eabi/9.3.1/../../../../arm-none-eabi/lib/thumb/v7e-m+fp/hard\libc_nano.a(lib_a-stdio.o)
                0x000000000800cc4a                __sclose
 *fill*         0x000000000800cc52        0x2 
 .text.__swbuf_r
                0x000000000800cc54       0xa4 c:/st/stm32cubeide_1.7.0/stm32cubeide/plugins/com.st.stm32cube.ide.mcu.externaltools.gnu-tools-for-stm32.9-2020-q2-update.win32_2.0.0.202105311346/tools/bin/../lib/gcc/arm-none-eabi/9.3.1/../../../../arm-none-eabi/lib/thumb/v7e-m+fp/hard\libc_nano.a(lib_a-wbuf.o)
                0x000000000800cc54                __swbuf_r
 .text._write_r
                0x000000000800ccf8       0x24 c:/st/stm32cubeide_1.7.0/stm32cubeide/plugins/com.st.stm32cube.ide.mcu.externaltools.gnu-tools-for-stm32.9-2020-q2-update.win32_2.0.0.202105311346/tools/bin/../lib/gcc/arm-none-eabi/9.3.1/../../../../arm-none-eabi/lib/thumb/v7e-m+fp/hard\libc_nano.a(lib_a-writer.o)
                0x000000000800ccf8                _write_r
 .text.__swsetup_r
                0x000000000800cd1c       0xdc c:/st/stm32cubeide_1.7.0/stm32cubeide/plugins/com.st.stm32cube.ide.mcu.externaltools.gnu-tools-for-stm32.9-2020-q2-update.win32_2.0.0.202105311346/tools/bin/../lib/gcc/arm-none-eabi/9.3.1/../../../../arm-none-eabi/lib/thumb/v7e-m+fp/hard\libc_nano.a(lib_a-wsetup.o)
                0x000000000800cd1c                __swsetup_r
 .text.__assert_func
                0x000000000800cdf8       0x3c c:/st/stm32cubeide_1.7.0/stm32cubeide/plugins/com.st.stm32cube.ide.mcu.externaltools.gnu-tools-for-stm32.9-2020-q2-update.win32_2.0.0.202105311346/tools/bin/../lib/gcc/arm-none-eabi/9.3.1/../../../../arm-none-eabi/lib/thumb/v7e-m+fp/hard\libc_nano.a(lib_a-assert.o)
                0x000000000800cdf8                __assert_func
 .text._close_r
                0x000000000800ce34       0x20 c:/st/stm32cubeide_1.7.0/stm32cubeide/plugins/com.st.stm32cube.ide.mcu.externaltools.gnu-tools-for-stm32.9-2020-q2-update.win32_2.0.0.202105311346/tools/bin/../lib/gcc/arm-none-eabi/9.3.1/../../../../arm-none-eabi/lib/thumb/v7e-m+fp/hard\libc_nano.a(lib_a-closer.o)
                0x000000000800ce34                _close_r
 .text.__sflush_r
                0x000000000800ce54      0x10c c:/st/stm32cubeide_1.7.0/stm32cubeide/plugins/com.st.stm32cube.ide.mcu.externaltools.gnu-tools-for-stm32.9-2020-q2-update.win32_2.0.0.202105311346/tools/bin/../lib/gcc/arm-none-eabi/9.3.1/../../../../arm-none-eabi/lib/thumb/v7e-m+fp/hard\libc_nano.a(lib_a-fflush.o)
                0x000000000800ce54                __sflush_r
 .text._fflush_r
                0x000000000800cf60       0x78 c:/st/stm32cubeide_1.7.0/stm32cubeide/plugins/com.st.stm32cube.ide.mcu.externaltools.gnu-tools-for-stm32.9-2020-q2-update.win32_2.0.0.202105311346/tools/bin/../lib/gcc/arm-none-eabi/9.3.1/../../../../arm-none-eabi/lib/thumb/v7e-m+fp/hard\libc_nano.a(lib_a-fflush.o)
                0x000000000800cf60                _fflush_r
 .text.fprintf  0x000000000800cfd8       0x24 c:/st/stm32cubeide_1.7.0/stm32cubeide/plugins/com.st.stm32cube.ide.mcu.externaltools.gnu-tools-for-stm32.9-2020-q2-update.win32_2.0.0.202105311346/tools/bin/../lib/gcc/arm-none-eabi/9.3.1/../../../../arm-none-eabi/lib/thumb/v7e-m+fp/hard\libc_nano.a(lib_a-fprintf.o)
                0x000000000800cfd8                fiprintf
                0x000000000800cfd8                fprintf
 .text._lseek_r
                0x000000000800cffc       0x24 c:/st/stm32cubeide_1.7.0/stm32cubeide/plugins/com.st.stm32cube.ide.mcu.externaltools.gnu-tools-for-stm32.9-2020-q2-update.win32_2.0.0.202105311346/tools/bin/../lib/gcc/arm-none-eabi/9.3.1/../../../../arm-none-eabi/lib/thumb/v7e-m+fp/hard\libc_nano.a(lib_a-lseekr.o)
                0x000000000800cffc                _lseek_r
 .text.__swhatbuf_r
                0x000000000800d020       0x48 c:/st/stm32cubeide_1.7.0/stm32cubeide/plugins/com.st.stm32cube.ide.mcu.externaltools.gnu-tools-for-stm32.9-2020-q2-update.win32_2.0.0.202105311346/tools/bin/../lib/gcc/arm-none-eabi/9.3.1/../../../../arm-none-eabi/lib/thumb/v7e-m+fp/hard\libc_nano.a(lib_a-makebuf.o)
                0x000000000800d020                __swhatbuf_r
 .text.__smakebuf_r
                0x000000000800d068       0x80 c:/st/stm32cubeide_1.7.0/stm32cubeide/plugins/com.st.stm32cube.ide.mcu.externaltools.gnu-tools-for-stm32.9-2020-q2-update.win32_2.0.0.202105311346/tools/bin/../lib/gcc/arm-none-eabi/9.3.1/../../../../arm-none-eabi/lib/thumb/v7e-m+fp/hard\libc_nano.a(lib_a-makebuf.o)
                0x000000000800d068                __smakebuf_r
 .text.__ascii_mbtowc
                0x000000000800d0e8       0x24 c:/st/stm32cubeide_1.7.0/stm32cubeide/plugins/com.st.stm32cube.ide.mcu.externaltools.gnu-tools-for-stm32.9-2020-q2-update.win32_2.0.0.202105311346/tools/bin/../lib/gcc/arm-none-eabi/9.3.1/../../../../arm-none-eabi/lib/thumb/v7e-m+fp/hard\libc_nano.a(lib_a-mbtowc_r.o)
                0x000000000800d0e8                __ascii_mbtowc
 .text.__malloc_lock
                0x000000000800d10c        0xc c:/st/stm32cubeide_1.7.0/stm32cubeide/plugins/com.st.stm32cube.ide.mcu.externaltools.gnu-tools-for-stm32.9-2020-q2-update.win32_2.0.0.202105311346/tools/bin/../lib/gcc/arm-none-eabi/9.3.1/../../../../arm-none-eabi/lib/thumb/v7e-m+fp/hard\libc_nano.a(lib_a-mlock.o)
                0x000000000800d10c                __malloc_lock
 .text.__malloc_unlock
                0x000000000800d118        0xc c:/st/stm32cubeide_1.7.0/stm32cubeide/plugins/com.st.stm32cube.ide.mcu.externaltools.gnu-tools-for-stm32.9-2020-q2-update.win32_2.0.0.202105311346/tools/bin/../lib/gcc/arm-none-eabi/9.3.1/../../../../arm-none-eabi/lib/thumb/v7e-m+fp/hard\libc_nano.a(lib_a-mlock.o)
                0x000000000800d118                __malloc_unlock
 .text._read_r  0x000000000800d124       0x24 c:/st/stm32cubeide_1.7.0/stm32cubeide/plugins/com.st.stm32cube.ide.mcu.externaltools.gnu-tools-for-stm32.9-2020-q2-update.win32_2.0.0.202105311346/tools/bin/../lib/gcc/arm-none-eabi/9.3.1/../../../../arm-none-eabi/lib/thumb/v7e-m+fp/hard\libc_nano.a(lib_a-readr.o)
                0x000000000800d124                _read_r
 .text.__ascii_wctomb
                0x000000000800d148       0x1a c:/st/stm32cubeide_1.7.0/stm32cubeide/plugins/com.st.stm32cube.ide.mcu.externaltools.gnu-tools-for-stm32.9-2020-q2-update.win32_2.0.0.202105311346/tools/bin/../lib/gcc/arm-none-eabi/9.3.1/../../../../arm-none-eabi/lib/thumb/v7e-m+fp/hard\libc_nano.a(lib_a-wctomb_r.o)
                0x000000000800d148                __ascii_wctomb
 .text.abort    0x000000000800d162        0xe c:/st/stm32cubeide_1.7.0/stm32cubeide/plugins/com.st.stm32cube.ide.mcu.externaltools.gnu-tools-for-stm32.9-2020-q2-update.win32_2.0.0.202105311346/tools/bin/../lib/gcc/arm-none-eabi/9.3.1/../../../../arm-none-eabi/lib/thumb/v7e-m+fp/hard\libc_nano.a(lib_a-abort.o)
                0x000000000800d162                abort
 .text._fstat_r
                0x000000000800d170       0x24 c:/st/stm32cubeide_1.7.0/stm32cubeide/plugins/com.st.stm32cube.ide.mcu.externaltools.gnu-tools-for-stm32.9-2020-q2-update.win32_2.0.0.202105311346/tools/bin/../lib/gcc/arm-none-eabi/9.3.1/../../../../arm-none-eabi/lib/thumb/v7e-m+fp/hard\libc_nano.a(lib_a-fstatr.o)
                0x000000000800d170                _fstat_r
 .text._isatty_r
                0x000000000800d194       0x20 c:/st/stm32cubeide_1.7.0/stm32cubeide/plugins/com.st.stm32cube.ide.mcu.externaltools.gnu-tools-for-stm32.9-2020-q2-update.win32_2.0.0.202105311346/tools/bin/../lib/gcc/arm-none-eabi/9.3.1/../../../../arm-none-eabi/lib/thumb/v7e-m+fp/hard\libc_nano.a(lib_a-isattyr.o)
                0x000000000800d194                _isatty_r
 .text._raise_r
                0x000000000800d1b4       0x50 c:/st/stm32cubeide_1.7.0/stm32cubeide/plugins/com.st.stm32cube.ide.mcu.externaltools.gnu-tools-for-stm32.9-2020-q2-update.win32_2.0.0.202105311346/tools/bin/../lib/gcc/arm-none-eabi/9.3.1/../../../../arm-none-eabi/lib/thumb/v7e-m+fp/hard\libc_nano.a(lib_a-signal.o)
                0x000000000800d1b4                _raise_r
 .text.raise    0x000000000800d204       0x10 c:/st/stm32cubeide_1.7.0/stm32cubeide/plugins/com.st.stm32cube.ide.mcu.externaltools.gnu-tools-for-stm32.9-2020-q2-update.win32_2.0.0.202105311346/tools/bin/../lib/gcc/arm-none-eabi/9.3.1/../../../../arm-none-eabi/lib/thumb/v7e-m+fp/hard\libc_nano.a(lib_a-signal.o)
                0x000000000800d204                raise
 .text._kill_r  0x000000000800d214       0x24 c:/st/stm32cubeide_1.7.0/stm32cubeide/plugins/com.st.stm32cube.ide.mcu.externaltools.gnu-tools-for-stm32.9-2020-q2-update.win32_2.0.0.202105311346/tools/bin/../lib/gcc/arm-none-eabi/9.3.1/../../../../arm-none-eabi/lib/thumb/v7e-m+fp/hard\libc_nano.a(lib_a-signalr.o)
                0x000000000800d214                _kill_r
 .text._getpid_r
                0x000000000800d238        0x4 c:/st/stm32cubeide_1.7.0/stm32cubeide/plugins/com.st.stm32cube.ide.mcu.externaltools.gnu-tools-for-stm32.9-2020-q2-update.win32_2.0.0.202105311346/tools/bin/../lib/gcc/arm-none-eabi/9.3.1/../../../../arm-none-eabi/lib/thumb/v7e-m+fp/hard\libc_nano.a(lib_a-signalr.o)
                0x000000000800d238                _getpid_r
 *(.glue_7)
 .glue_7        0x000000000800d23c        0x0 linker stubs
 *(.glue_7t)
 .glue_7t       0x000000000800d23c        0x0 linker stubs
 *(.eh_frame)
 .eh_frame      0x000000000800d23c        0x0 c:/st/stm32cubeide_1.7.0/stm32cubeide/plugins/com.st.stm32cube.ide.mcu.externaltools.gnu-tools-for-stm32.9-2020-q2-update.win32_2.0.0.202105311346/tools/bin/../lib/gcc/arm-none-eabi/9.3.1/thumb/v7e-m+fp/hard/crtbegin.o
 *(.init)
 .init          0x000000000800d23c        0x4 c:/st/stm32cubeide_1.7.0/stm32cubeide/plugins/com.st.stm32cube.ide.mcu.externaltools.gnu-tools-for-stm32.9-2020-q2-update.win32_2.0.0.202105311346/tools/bin/../lib/gcc/arm-none-eabi/9.3.1/thumb/v7e-m+fp/hard/crti.o
                0x000000000800d23c                _init
 .init          0x000000000800d240        0x8 c:/st/stm32cubeide_1.7.0/stm32cubeide/plugins/com.st.stm32cube.ide.mcu.externaltools.gnu-tools-for-stm32.9-2020-q2-update.win32_2.0.0.202105311346/tools/bin/../lib/gcc/arm-none-eabi/9.3.1/thumb/v7e-m+fp/hard/crtn.o
 *(.fini)
 .fini          0x000000000800d248        0x4 c:/st/stm32cubeide_1.7.0/stm32cubeide/plugins/com.st.stm32cube.ide.mcu.externaltools.gnu-tools-for-stm32.9-2020-q2-update.win32_2.0.0.202105311346/tools/bin/../lib/gcc/arm-none-eabi/9.3.1/thumb/v7e-m+fp/hard/crti.o
                0x000000000800d248                _fini
 .fini          0x000000000800d24c        0x8 c:/st/stm32cubeide_1.7.0/stm32cubeide/plugins/com.st.stm32cube.ide.mcu.externaltools.gnu-tools-for-stm32.9-2020-q2-update.win32_2.0.0.202105311346/tools/bin/../lib/gcc/arm-none-eabi/9.3.1/thumb/v7e-m+fp/hard/crtn.o
                0x000000000800d254                . = ALIGN (0x4)
                0x000000000800d254                _etext = .

.vfp11_veneer   0x000000000800d254        0x0
 .vfp11_veneer  0x000000000800d254        0x0 linker stubs

.v4_bx          0x000000000800d254        0x0
 .v4_bx         0x000000000800d254        0x0 linker stubs

.iplt           0x000000000800d254        0x0
 .iplt          0x000000000800d254        0x0 c:/st/stm32cubeide_1.7.0/stm32cubeide/plugins/com.st.stm32cube.ide.mcu.externaltools.gnu-tools-for-stm32.9-2020-q2-update.win32_2.0.0.202105311346/tools/bin/../lib/gcc/arm-none-eabi/9.3.1/thumb/v7e-m+fp/hard/crtbegin.o

.rodata         0x000000000800d258      0x42c
                0x000000000800d258                . = ALIGN (0x4)
 *(.rodata)
 *(.rodata*)
 .rodata.AHBPrescTable
                0x000000000800d258       0x10 ./Core/Src/system_stm32l4xx.o
                0x000000000800d258                AHBPrescTable
 .rodata.APBPrescTable
                0x000000000800d268        0x8 ./Core/Src/system_stm32l4xx.o
                0x000000000800d268                APBPrescTable
 .rodata.MSIRangeTable
                0x000000000800d270       0x30 ./Core/Src/system_stm32l4xx.o
                0x000000000800d270                MSIRangeTable
 .rodata._global_impure_ptr
                0x000000000800d2a0        0x4 c:/st/stm32cubeide_1.7.0/stm32cubeide/plugins/com.st.stm32cube.ide.mcu.externaltools.gnu-tools-for-stm32.9-2020-q2-update.win32_2.0.0.202105311346/tools/bin/../lib/gcc/arm-none-eabi/9.3.1/../../../../arm-none-eabi/lib/thumb/v7e-m+fp/hard\libc_nano.a(lib_a-impure.o)
                0x000000000800d2a0                _global_impure_ptr
 .rodata._printf_float.str1.1
                0x000000000800d2a4       0x12 c:/st/stm32cubeide_1.7.0/stm32cubeide/plugins/com.st.stm32cube.ide.mcu.externaltools.gnu-tools-for-stm32.9-2020-q2-update.win32_2.0.0.202105311346/tools/bin/../lib/gcc/arm-none-eabi/9.3.1/../../../../arm-none-eabi/lib/thumb/v7e-m+fp/hard\libc_nano.a(lib_a-nano-vfprintf_float.o)
 .rodata._printf_i.str1.1
                0x000000000800d2b6       0x22 c:/st/stm32cubeide_1.7.0/stm32cubeide/plugins/com.st.stm32cube.ide.mcu.externaltools.gnu-tools-for-stm32.9-2020-q2-update.win32_2.0.0.202105311346/tools/bin/../lib/gcc/arm-none-eabi/9.3.1/../../../../arm-none-eabi/lib/thumb/v7e-m+fp/hard\libc_nano.a(lib_a-nano-vfprintf_i.o)
 .rodata._dtoa_r.str1.1
                0x000000000800d2d8       0x94 c:/st/stm32cubeide_1.7.0/stm32cubeide/plugins/com.st.stm32cube.ide.mcu.externaltools.gnu-tools-for-stm32.9-2020-q2-update.win32_2.0.0.202105311346/tools/bin/../lib/gcc/arm-none-eabi/9.3.1/../../../../arm-none-eabi/lib/thumb/v7e-m+fp/hard\libc_nano.a(lib_a-dtoa.o)
                                         0x96 (size before relaxing)
 .rodata.__sf_fake_stderr
                0x000000000800d36c       0x20 c:/st/stm32cubeide_1.7.0/stm32cubeide/plugins/com.st.stm32cube.ide.mcu.externaltools.gnu-tools-for-stm32.9-2020-q2-update.win32_2.0.0.202105311346/tools/bin/../lib/gcc/arm-none-eabi/9.3.1/../../../../arm-none-eabi/lib/thumb/v7e-m+fp/hard\libc_nano.a(lib_a-findfp.o)
                0x000000000800d36c                __sf_fake_stderr
 .rodata.__sf_fake_stdin
                0x000000000800d38c       0x20 c:/st/stm32cubeide_1.7.0/stm32cubeide/plugins/com.st.stm32cube.ide.mcu.externaltools.gnu-tools-for-stm32.9-2020-q2-update.win32_2.0.0.202105311346/tools/bin/../lib/gcc/arm-none-eabi/9.3.1/../../../../arm-none-eabi/lib/thumb/v7e-m+fp/hard\libc_nano.a(lib_a-findfp.o)
                0x000000000800d38c                __sf_fake_stdin
 .rodata.__sf_fake_stdout
                0x000000000800d3ac       0x20 c:/st/stm32cubeide_1.7.0/stm32cubeide/plugins/com.st.stm32cube.ide.mcu.externaltools.gnu-tools-for-stm32.9-2020-q2-update.win32_2.0.0.202105311346/tools/bin/../lib/gcc/arm-none-eabi/9.3.1/../../../../arm-none-eabi/lib/thumb/v7e-m+fp/hard\libc_nano.a(lib_a-findfp.o)
                0x000000000800d3ac                __sf_fake_stdout
 .rodata._Balloc.str1.1
                0x000000000800d3cc       0x60 c:/st/stm32cubeide_1.7.0/stm32cubeide/plugins/com.st.stm32cube.ide.mcu.externaltools.gnu-tools-for-stm32.9-2020-q2-update.win32_2.0.0.202105311346/tools/bin/../lib/gcc/arm-none-eabi/9.3.1/../../../../arm-none-eabi/lib/thumb/v7e-m+fp/hard\libc_nano.a(lib_a-mprec.o)
                                         0x77 (size before relaxing)
 .rodata.__multadd.str1.1
                0x000000000800d42c       0x11 c:/st/stm32cubeide_1.7.0/stm32cubeide/plugins/com.st.stm32cube.ide.mcu.externaltools.gnu-tools-for-stm32.9-2020-q2-update.win32_2.0.0.202105311346/tools/bin/../lib/gcc/arm-none-eabi/9.3.1/../../../../arm-none-eabi/lib/thumb/v7e-m+fp/hard\libc_nano.a(lib_a-mprec.o)
 *fill*         0x000000000800d42c        0x4 
 .rodata.__mprec_bigtens
                0x000000000800d430       0x28 c:/st/stm32cubeide_1.7.0/stm32cubeide/plugins/com.st.stm32cube.ide.mcu.externaltools.gnu-tools-for-stm32.9-2020-q2-update.win32_2.0.0.202105311346/tools/bin/../lib/gcc/arm-none-eabi/9.3.1/../../../../arm-none-eabi/lib/thumb/v7e-m+fp/hard\libc_nano.a(lib_a-mprec.o)
                0x000000000800d430                __mprec_bigtens
 .rodata.__mprec_tens