seven_segment_driver.c:48:6:changeColor	16	static
seven_segment_driver.c:54:6:mixColor	4	static
seven_segment_driver.c:66:6:backToColor	4	static
seven_segment_driver.c:75:7:firstSegment	24	static
seven_segment_driver.c:88:7:secondSegment	24	static
seven_segment_driver.c:101:7:dwukropekTurnOn	8	static
seven_segment_driver.c:110:7:dwukropekTurnOff	8	static
seven_segment_driver.c:118:7:kropkaOn	8	static
seven_segment_driver.c:124:7:dwukropekStart	8	static
seven_segment_driver.c:134:7:thirdSegment	24	static
seven_segment_driver.c:147:7:fourthSegment	24	static
seven_segment_driver.c:160:11:numberToMatrix	16	static
seven_segment_driver.c:198:20:destroy	24	static
seven_segment_driver.c:207:7:putMinutes	24	static
seven_segment_driver.c:221:7:putHours	24	static
seven_segment_driver.c:236:7:putMonth	16	static
seven_segment_driver.c:241:7:putDay	16	static
seven_segment_driver.c:246:7:fullDisplayStart	40	static
seven_segment_driver.c:262:7:dateOnDisplay	40	static
seven_segment_driver.c:277:7:setMinutes	40	static
seven_segment_driver.c:290:7:setHours	40	static
