seven_segment_driver.c:52:6:changeColor	16	static
seven_segment_driver.c:60:6:mixColor	16	static
seven_segment_driver.c:71:6:backToColorinMemory	8	static
seven_segment_driver.c:83:10:numberToMatrix	16	static
seven_segment_driver.c:121:19:destroy	24	static
seven_segment_driver.c:130:26:destoryCelcius	40	static
seven_segment_driver.c:157:6:firstSegment	24	static
seven_segment_driver.c:171:6:secondSegment	24	static
seven_segment_driver.c:185:6:thirdSegment	24	static
seven_segment_driver.c:199:6:fourthSegment	24	static
seven_segment_driver.c:213:6:dwukropekTurnOn	8	static
seven_segment_driver.c:222:6:dwukropekTurnOff	8	static
seven_segment_driver.c:230:6:dotOn	8	static
seven_segment_driver.c:236:6:dotOff	8	static
seven_segment_driver.c:242:6:celsiusMark	16	static
seven_segment_driver.c:250:6:dwukropekStart	8	static
seven_segment_driver.c:260:6:putMinutes	24	static
seven_segment_driver.c:274:6:putHours	24	static
seven_segment_driver.c:294:6:putMonth	16	static
seven_segment_driver.c:298:6:putDay	16	static
seven_segment_driver.c:302:6:setMinutes	40	static
seven_segment_driver.c:315:6:setHours	40	static
seven_segment_driver.c:332:6:setMonth	40	static
seven_segment_driver.c:346:6:setDay	40	static
seven_segment_driver.c:365:6:normalDisplayStart	40	static
seven_segment_driver.c:384:6:menuDisplayStart	40	static
seven_segment_driver.c:399:6:dateOnDisplay	40	static
seven_segment_driver.c:414:6:temperatureOnDisplay	16	static
seven_segment_driver.c:425:6:displayStop	8	static
seven_segment_driver.c:432:6:testSegments	8	static
