seven_segment_driver.c:48:6:changeColor	16	static
seven_segment_driver.c:59:6:mixColor	16	static
seven_segment_driver.c:70:6:backToColor	4	static
seven_segment_driver.c:79:7:firstSegment	24	static
seven_segment_driver.c:92:7:secondSegment	24	static
seven_segment_driver.c:105:7:dwukropekTurnOn	8	static
seven_segment_driver.c:114:7:dwukropekTurnOff	8	static
seven_segment_driver.c:122:7:kropkaOn	8	static
seven_segment_driver.c:128:7:dwukropekStart	8	static
seven_segment_driver.c:138:7:thirdSegment	24	static
seven_segment_driver.c:151:7:fourthSegment	24	static
seven_segment_driver.c:164:11:numberToMatrix	16	static
seven_segment_driver.c:202:20:destroy	24	static
seven_segment_driver.c:211:7:putMinutes	24	static
seven_segment_driver.c:225:7:putHours	24	static
seven_segment_driver.c:240:7:putMonth	16	static
seven_segment_driver.c:245:7:putDay	16	static
seven_segment_driver.c:250:7:fullDisplayStart	40	static
seven_segment_driver.c:266:7:dateOnDisplay	40	static
seven_segment_driver.c:281:7:setMinutes	40	static
seven_segment_driver.c:294:7:setHours	40	static
