seven_segment_driver.c:44:6:changeColor	16	static
seven_segment_driver.c:55:6:mixColor	16	static
seven_segment_driver.c:66:6:backToColor	4	static
seven_segment_driver.c:72:6:firstSegment	24	static
seven_segment_driver.c:86:6:secondSegment	24	static
seven_segment_driver.c:100:6:dwukropekTurnOn	8	static
seven_segment_driver.c:109:6:dwukropekTurnOff	8	static
seven_segment_driver.c:117:6:kropkaOn	8	static
seven_segment_driver.c:123:6:celsiusMark	16	static
seven_segment_driver.c:131:6:dwukropekStart	8	static
seven_segment_driver.c:141:6:thirdSegment	24	static
seven_segment_driver.c:155:6:fourthSegment	24	static
seven_segment_driver.c:169:10:numberToMatrix	16	static
seven_segment_driver.c:207:19:destroy	24	static
seven_segment_driver.c:217:26:destoryCelcius	48	static
seven_segment_driver.c:241:6:putMinutes	24	static
seven_segment_driver.c:255:6:putHours	24	static
seven_segment_driver.c:275:6:putMonth	16	static
seven_segment_driver.c:279:6:putDay	16	static
seven_segment_driver.c:284:6:normalDisplayStart	40	static
seven_segment_driver.c:300:6:menuDisplayStart	40	static
seven_segment_driver.c:317:6:dateOnDisplay	40	static
seven_segment_driver.c:332:6:temperatureOnDisplay	16	static
seven_segment_driver.c:342:6:setMinutes	40	static
seven_segment_driver.c:355:6:setHours	40	static
seven_segment_driver.c:370:6:setMonth	40	static
seven_segment_driver.c:382:6:setDay	40	static
