seven_segment_driver.c:51:6:changeColor	16	static
seven_segment_driver.c:59:6:mixColor	16	static
seven_segment_driver.c:70:6:backToColorinMemory	8	static
seven_segment_driver.c:82:10:numberToMatrix	16	static
seven_segment_driver.c:120:19:destroy	24	static
seven_segment_driver.c:129:26:destoryCelcius	40	static
seven_segment_driver.c:156:6:firstSegment	24	static
seven_segment_driver.c:170:6:secondSegment	24	static
seven_segment_driver.c:184:6:thirdSegment	24	static
seven_segment_driver.c:198:6:fourthSegment	24	static
seven_segment_driver.c:212:6:dwukropekTurnOn	8	static
seven_segment_driver.c:221:6:dwukropekTurnOff	8	static
seven_segment_driver.c:229:6:dotOn	8	static
seven_segment_driver.c:235:6:dotOff	8	static
seven_segment_driver.c:241:6:celsiusMark	16	static
seven_segment_driver.c:249:6:dwukropekStart	8	static
seven_segment_driver.c:259:6:putMinutes	24	static
seven_segment_driver.c:273:6:putHours	24	static
seven_segment_driver.c:293:6:putMonth	16	static
seven_segment_driver.c:297:6:putDay	16	static
seven_segment_driver.c:301:6:setMinutes	40	static
seven_segment_driver.c:314:6:setHours	40	static
seven_segment_driver.c:329:6:setMonth	40	static
seven_segment_driver.c:344:6:setDay	40	static
seven_segment_driver.c:363:6:normalDisplayStart	40	static
seven_segment_driver.c:380:6:menuDisplayStart	40	static
seven_segment_driver.c:395:6:dateOnDisplay	40	static
seven_segment_driver.c:410:6:temperatureOnDisplay	16	static
seven_segment_driver.c:420:6:displayStop	8	static
