../Core/Src/seven_segment_driver.c:61:6:changeColor	16	static
../Core/Src/seven_segment_driver.c:69:6:mixColor	16	static
../Core/Src/seven_segment_driver.c:80:6:backToColorinMemory	8	static
../Core/Src/seven_segment_driver.c:92:10:numberToMatrix	16	static
../Core/Src/seven_segment_driver.c:130:19:destroy	24	static
../Core/Src/seven_segment_driver.c:139:26:destoryCelcius	32	static
../Core/Src/seven_segment_driver.c:166:6:firstSegment	24	static
../Core/Src/seven_segment_driver.c:180:6:secondSegment	24	static
../Core/Src/seven_segment_driver.c:194:6:thirdSegment	24	static
../Core/Src/seven_segment_driver.c:208:6:fourthSegment	24	static
../Core/Src/seven_segment_driver.c:222:6:dwukropekTurnOn	8	static
../Core/Src/seven_segment_driver.c:231:6:dwukropekTurnOff	8	static
../Core/Src/seven_segment_driver.c:239:6:dotOn	8	static
../Core/Src/seven_segment_driver.c:245:6:dotOff	8	static
../Core/Src/seven_segment_driver.c:251:6:celsiusMark	16	static
../Core/Src/seven_segment_driver.c:259:6:dwukropekStart	8	static
../Core/Src/seven_segment_driver.c:269:6:putMinutes	24	static
../Core/Src/seven_segment_driver.c:283:6:putHours	24	static
../Core/Src/seven_segment_driver.c:303:6:putMonth	16	static
../Core/Src/seven_segment_driver.c:307:6:putDay	16	static
../Core/Src/seven_segment_driver.c:311:6:putYear	16	static
../Core/Src/seven_segment_driver.c:318:6:setMinutes	40	static
../Core/Src/seven_segment_driver.c:331:6:setHours	40	static
../Core/Src/seven_segment_driver.c:348:6:setMonth	40	static
../Core/Src/seven_segment_driver.c:362:6:setDay	40	static
../Core/Src/seven_segment_driver.c:376:6:setYear	40	static
../Core/Src/seven_segment_driver.c:396:6:normalDisplayStart	40	static
../Core/Src/seven_segment_driver.c:415:6:menuDisplayStart	40	static
../Core/Src/seven_segment_driver.c:430:6:dateOnDisplay	40	static
../Core/Src/seven_segment_driver.c:445:6:yearOnDisplay	40	static
../Core/Src/seven_segment_driver.c:458:6:temperatureOnDisplay	16	static
../Core/Src/seven_segment_driver.c:469:6:displayStop	8	static
../Core/Src/seven_segment_driver.c:476:6:testSegments	8	static
../Core/Src/seven_segment_driver.c:484:6:sleepTimeSetDisplay	8	static
../Core/Src/seven_segment_driver.c:492:6:alarmTimeSetDisplay	8	static
